Archive member included to satisfy reference by file (symbol)

D:/Project/20230709TTS/TTS_Lib/Core/Bsp/Frame/TTS/TTS_Core.a(system.o)
                              CMakeFiles/TTS_Lib.elf.dir/Core/User/User.c.obj (TTS_TaskInit)
D:/Project/20230709TTS/TTS_Lib/Core/Bsp/Frame/TTS_Ex/TTS_Ex_Pin.a(tts_pin_out.o)
                              CMakeFiles/TTS_Lib.elf.dir/Core/Bsp/Show_Class/bsp_pin.c.obj (TTS_Pin_TaskCreate)
D:/Project/20230709TTS/TTS_Lib/Core/Bsp/Frame/TTS_Ex/TTS_Ex_Button.a(tts_button.o)
                              CMakeFiles/TTS_Lib.elf.dir/Core/Bsp/Control_Class/bsp_button.c.obj (Button_LongPressInterval)
c:/progra~2/gnuarm~1/102021~1.10/bin/../lib/gcc/arm-none-eabi/10.3.1/../../../../arm-none-eabi/lib/thumb/v7-m/nofp\libg.a(lib_a-errno.o)
                              CMakeFiles/TTS_Lib.elf.dir/Core/Src/syscalls.c.obj (__errno)
c:/progra~2/gnuarm~1/102021~1.10/bin/../lib/gcc/arm-none-eabi/10.3.1/../../../../arm-none-eabi/lib/thumb/v7-m/nofp\libg.a(lib_a-exit.o)
                              c:/progra~2/gnuarm~1/102021~1.10/bin/../lib/gcc/arm-none-eabi/10.3.1/../../../../arm-none-eabi/lib/thumb/v7-m/nofp/crt0.o (exit)
c:/progra~2/gnuarm~1/102021~1.10/bin/../lib/gcc/arm-none-eabi/10.3.1/../../../../arm-none-eabi/lib/thumb/v7-m/nofp\libg.a(lib_a-impure.o)
                              c:/progra~2/gnuarm~1/102021~1.10/bin/../lib/gcc/arm-none-eabi/10.3.1/../../../../arm-none-eabi/lib/thumb/v7-m/nofp\libg.a(lib_a-exit.o) (_global_impure_ptr)
c:/progra~2/gnuarm~1/102021~1.10/bin/../lib/gcc/arm-none-eabi/10.3.1/../../../../arm-none-eabi/lib/thumb/v7-m/nofp\libg.a(lib_a-init.o)
                              c:/progra~2/gnuarm~1/102021~1.10/bin/../lib/gcc/arm-none-eabi/10.3.1/../../../../arm-none-eabi/lib/thumb/v7-m/nofp/crt0.o (__libc_init_array)
c:/progra~2/gnuarm~1/102021~1.10/bin/../lib/gcc/arm-none-eabi/10.3.1/../../../../arm-none-eabi/lib/thumb/v7-m/nofp\libg.a(lib_a-malloc.o)
                              D:/Project/20230709TTS/TTS_Lib/Core/Bsp/Frame/TTS/TTS_Core.a(system.o) (malloc)
c:/progra~2/gnuarm~1/102021~1.10/bin/../lib/gcc/arm-none-eabi/10.3.1/../../../../arm-none-eabi/lib/thumb/v7-m/nofp\libg.a(lib_a-mallocr.o)
                              c:/progra~2/gnuarm~1/102021~1.10/bin/../lib/gcc/arm-none-eabi/10.3.1/../../../../arm-none-eabi/lib/thumb/v7-m/nofp\libg.a(lib_a-malloc.o) (_malloc_r)
c:/progra~2/gnuarm~1/102021~1.10/bin/../lib/gcc/arm-none-eabi/10.3.1/../../../../arm-none-eabi/lib/thumb/v7-m/nofp\libg.a(lib_a-memset.o)
                              c:/progra~2/gnuarm~1/102021~1.10/bin/../lib/gcc/arm-none-eabi/10.3.1/../../../../arm-none-eabi/lib/thumb/v7-m/nofp/crt0.o (memset)
c:/progra~2/gnuarm~1/102021~1.10/bin/../lib/gcc/arm-none-eabi/10.3.1/../../../../arm-none-eabi/lib/thumb/v7-m/nofp\libg.a(lib_a-mlock.o)
                              c:/progra~2/gnuarm~1/102021~1.10/bin/../lib/gcc/arm-none-eabi/10.3.1/../../../../arm-none-eabi/lib/thumb/v7-m/nofp\libg.a(lib_a-mallocr.o) (__malloc_lock)
c:/progra~2/gnuarm~1/102021~1.10/bin/../lib/gcc/arm-none-eabi/10.3.1/../../../../arm-none-eabi/lib/thumb/v7-m/nofp\libg.a(lib_a-sbrkr.o)
                              c:/progra~2/gnuarm~1/102021~1.10/bin/../lib/gcc/arm-none-eabi/10.3.1/../../../../arm-none-eabi/lib/thumb/v7-m/nofp\libg.a(lib_a-mallocr.o) (_sbrk_r)
c:/progra~2/gnuarm~1/102021~1.10/bin/../lib/gcc/arm-none-eabi/10.3.1/../../../../arm-none-eabi/lib/thumb/v7-m/nofp\libg.a(lib_a-__call_atexit.o)
                              c:/progra~2/gnuarm~1/102021~1.10/bin/../lib/gcc/arm-none-eabi/10.3.1/../../../../arm-none-eabi/lib/thumb/v7-m/nofp\libg.a(lib_a-exit.o) (__call_exitprocs)
c:/progra~2/gnuarm~1/102021~1.10/bin/../lib/gcc/arm-none-eabi/10.3.1/../../../../arm-none-eabi/lib/thumb/v7-m/nofp\libg.a(lib_a-atexit.o)
                              c:/progra~2/gnuarm~1/102021~1.10/bin/../lib/gcc/arm-none-eabi/10.3.1/../../../../arm-none-eabi/lib/thumb/v7-m/nofp\libg.a(lib_a-__call_atexit.o) (atexit)
c:/progra~2/gnuarm~1/102021~1.10/bin/../lib/gcc/arm-none-eabi/10.3.1/../../../../arm-none-eabi/lib/thumb/v7-m/nofp\libg.a(lib_a-fini.o)
                              c:/progra~2/gnuarm~1/102021~1.10/bin/../lib/gcc/arm-none-eabi/10.3.1/../../../../arm-none-eabi/lib/thumb/v7-m/nofp\libg.a(lib_a-__call_atexit.o) (__libc_fini_array)
c:/progra~2/gnuarm~1/102021~1.10/bin/../lib/gcc/arm-none-eabi/10.3.1/../../../../arm-none-eabi/lib/thumb/v7-m/nofp\libg.a(lib_a-freer.o)
                              c:/progra~2/gnuarm~1/102021~1.10/bin/../lib/gcc/arm-none-eabi/10.3.1/../../../../arm-none-eabi/lib/thumb/v7-m/nofp\libg.a(lib_a-malloc.o) (_free_r)
c:/progra~2/gnuarm~1/102021~1.10/bin/../lib/gcc/arm-none-eabi/10.3.1/../../../../arm-none-eabi/lib/thumb/v7-m/nofp\libg.a(lib_a-lock.o)
                              c:/progra~2/gnuarm~1/102021~1.10/bin/../lib/gcc/arm-none-eabi/10.3.1/../../../../arm-none-eabi/lib/thumb/v7-m/nofp\libg.a(lib_a-mlock.o) (__retarget_lock_acquire_recursive)
[...]
Memory Configuration

Name             Origin             Length             Attributes
RAM              0x20000000         0x00010000         xrw
FLASH            0x08000000         0x00080000         xr
*default*        0x00000000         0xffffffff

Linker script and memory map

LOAD c:/progra~2/gnuarm~1/102021~1.10/bin/../lib/gcc/arm-none-eabi/10.3.1/thumb/v7-m/nofp/crti.o
LOAD c:/progra~2/gnuarm~1/102021~1.10/bin/../lib/gcc/arm-none-eabi/10.3.1/thumb/v7-m/nofp/crtbegin.o
LOAD c:/progra~2/gnuarm~1/102021~1.10/bin/../lib/gcc/arm-none-eabi/10.3.1/../../../../arm-none-eabi/lib/thumb/v7-m/nofp/crt0.o
LOAD CMakeFiles/TTS_Lib.elf.dir/Core/Bsp/Control_Class/bsp_button.c.obj
LOAD CMakeFiles/TTS_Lib.elf.dir/Core/Bsp/Frame/TTS/CPU.c.obj
LOAD CMakeFiles/TTS_Lib.elf.dir/Core/Bsp/Show_Class/bsp_pin.c.obj
LOAD CMakeFiles/TTS_Lib.elf.dir/Core/Src/gpio.c.obj
LOAD CMakeFiles/TTS_Lib.elf.dir/Core/Src/main.c.obj
LOAD CMakeFiles/TTS_Lib.elf.dir/Core/Src/stm32f1xx_hal_msp.c.obj
LOAD CMakeFiles/TTS_Lib.elf.dir/Core/Src/stm32f1xx_it.c.obj
LOAD CMakeFiles/TTS_Lib.elf.dir/Core/Src/syscalls.c.obj
LOAD CMakeFiles/TTS_Lib.elf.dir/Core/Src/sysmem.c.obj
LOAD CMakeFiles/TTS_Lib.elf.dir/Core/Src/system_stm32f1xx.c.obj
LOAD CMakeFiles/TTS_Lib.elf.dir/Core/Startup/startup_stm32f103zetx.s.obj
LOAD CMakeFiles/TTS_Lib.elf.dir/Core/User/User.c.obj
LOAD CMakeFiles/TTS_Lib.elf.dir/Drivers/STM32F1xx_HAL_Driver/Src/stm32f1xx_hal.c.obj
LOAD CMakeFiles/TTS_Lib.elf.dir/Drivers/STM32F1xx_HAL_Driver/Src/stm32f1xx_hal_cortex.c.obj
LOAD CMakeFiles/TTS_Lib.elf.dir/Drivers/STM32F1xx_HAL_Driver/Src/stm32f1xx_hal_dma.c.obj
LOAD CMakeFiles/TTS_Lib.elf.dir/Drivers/STM32F1xx_HAL_Driver/Src/stm32f1xx_hal_exti.c.obj
LOAD CMakeFiles/TTS_Lib.elf.dir/Drivers/STM32F1xx_HAL_Driver/Src/stm32f1xx_hal_flash.c.obj
LOAD CMakeFiles/TTS_Lib.elf.dir/Drivers/STM32F1xx_HAL_Driver/Src/stm32f1xx_hal_flash_ex.c.obj
LOAD CMakeFiles/TTS_Lib.elf.dir/Drivers/STM32F1xx_HAL_Driver/Src/stm32f1xx_hal_gpio.c.obj
LOAD CMakeFiles/TTS_Lib.elf.dir/Drivers/STM32F1xx_HAL_Driver/Src/stm32f1xx_hal_gpio_ex.c.obj
LOAD CMakeFiles/TTS_Lib.elf.dir/Drivers/STM32F1xx_HAL_Driver/Src/stm32f1xx_hal_pwr.c.obj
LOAD CMakeFiles/TTS_Lib.elf.dir/Drivers/STM32F1xx_HAL_Driver/Src/stm32f1xx_hal_rcc.c.obj
LOAD CMakeFiles/TTS_Lib.elf.dir/Drivers/STM32F1xx_HAL_Driver/Src/stm32f1xx_hal_rcc_ex.c.obj
LOAD CMakeFiles/TTS_Lib.elf.dir/Drivers/STM32F1xx_HAL_Driver/Src/stm32f1xx_hal_tim.c.obj
LOAD CMakeFiles/TTS_Lib.elf.dir/Drivers/STM32F1xx_HAL_Driver/Src/stm32f1xx_hal_tim_ex.c.obj
LOAD D:/Project/20230709TTS/TTS_Lib/Core/Bsp/Frame/TTS/TTS_Core.a
LOAD D:/Project/20230709TTS/TTS_Lib/Core/Bsp/Frame/TTS_Ex/TTS_Ex_Pin.a
LOAD D:/Project/20230709TTS/TTS_Lib/Core/Bsp/Frame/TTS_Ex/TTS_Ex_Button.a
START GROUP
LOAD c:/progra~2/gnuarm~1/102021~1.10/bin/../lib/gcc/arm-none-eabi/10.3.1/thumb/v7-m/nofp\libgcc.a
LOAD c:/progra~2/gnuarm~1/102021~1.10/bin/../lib/gcc/arm-none-eabi/10.3.1/../../../../arm-none-eabi/lib/thumb/v7-m/nofp\libg.a
LOAD c:/progra~2/gnuarm~1/102021~1.10/bin/../lib/gcc/arm-none-eabi/10.3.1/../../../../arm-none-eabi/lib/thumb/v7-m/nofp\libc.a
END GROUP
LOAD c:/progra~2/gnuarm~1/102021~1.10/bin/../lib/gcc/arm-none-eabi/10.3.1/thumb/v7-m/nofp/crtend.o
LOAD c:/progra~2/gnuarm~1/102021~1.10/bin/../lib/gcc/arm-none-eabi/10.3.1/thumb/v7-m/nofp/crtn.o
                0x20010000                _estack = (ORIGIN (RAM) + LENGTH (RAM))
                0x00000200                _Min_Heap_Size = 0x200
                0x00000400                _Min_Stack_Size = 0x400

.isr_vector     0x08000000      0x1e4
                0x08000000                . = ALIGN (0x4)
 *(.isr_vector)
 .isr_vector    0x08000000      0x1e4 CMakeFiles/TTS_Lib.elf.dir/Core/Startup/startup_stm32f103zetx.s.obj
                0x08000000                g_pfnVectors
                0x080001e4                . = ALIGN (0x4)

.text           0x080001e4     0x1f2c
                0x080001e4                . = ALIGN (0x4)
 *(.text)
 .text          0x080001e4       0x40 c:/progra~2/gnuarm~1/102021~1.10/bin/../lib/gcc/arm-none-eabi/10.3.1/thumb/v7-m/nofp/crtbegin.o
 .text          0x08000224      0x32c D:/Project/20230709TTS/TTS_Lib/Core/Bsp/Frame/TTS/TTS_Core.a(system.o)
                0x08000224                TTS_TaskInit
                0x08000280                TTS_TaskCreation
                0x080002c0                TSS_SysTickHandler
                0x0800031c                TTS_Start
                0x0800036c                TTS_IdleTaskCreation
                0x080003dc                TTS_CurrentTask_WritePeriod
                0x08000414                TTS_Task_WritePeriod
                0x0800042c                TTS_Task_ReadPeriod
                0x0800043c                TTS_Task_ReadTimer
                0x0800044c                TTS_CurrentTask_ReadPeriod
                0x08000460                TTS_CurrentTask_ReadTimer
                0x08000474                TTS_SetStatus
                0x08000488                TTS_TaskGetUp
                0x080004c4                TTS_TaskGetSleep
                0x08000500                Delay_ms
                0x08000514                CPU_Delay
                0x0800053c                TTS_CPUInterruptCBSRegister
 .text          0x08000550       0xdc D:/Project/20230709TTS/TTS_Lib/Core/Bsp/Frame/TTS_Ex/TTS_Ex_Pin.a(tts_pin_out.o)
                0x08000550                TTS_Pin_TaskCreate
                0x080005b0                TTS_Pin_Init
                0x080005c0                TTS_PinProc
 .text          0x0800062c      0x23c D:/Project/20230709TTS/TTS_Lib/Core/Bsp/Frame/TTS_Ex/TTS_Ex_Button.a(tts_button.o)
                0x08000650                Button_ScanCBSRegister
                0x0800065c                Button_LongPressInterval
                0x08000668                Button_RestoreDefault
                0x080006b8                TTS_ButtonProc
                0x0800082c                Button_Init
 *(.text*)
 .text.GPIO_Read
                0x08000868       0x50 CMakeFiles/TTS_Lib.elf.dir/Core/Bsp/Control_Class/bsp_button.c.obj
                0x08000868                GPIO_Read
 .text.TTS_ButtonInit
                0x080008b8       0x38 CMakeFiles/TTS_Lib.elf.dir/Core/Bsp/Control_Class/bsp_button.c.obj
                0x080008b8                TTS_ButtonInit
 .text.Hal_CoreClockInit
                0x080008f0       0x38 CMakeFiles/TTS_Lib.elf.dir/Core/Bsp/Frame/TTS/CPU.c.obj
 .text.hal_getprimask
                0x08000928        0xc CMakeFiles/TTS_Lib.elf.dir/Core/Bsp/Frame/TTS/CPU.c.obj
 .text.CPU_Critical_Control
                0x08000934       0x22 CMakeFiles/TTS_Lib.elf.dir/Core/Bsp/Frame/TTS/CPU.c.obj
                0x08000934                CPU_Critical_Control
 *fill*         0x08000956        0x2 
 .text.hal_CPUInit
                0x08000958       0x14 CMakeFiles/TTS_Lib.elf.dir/Core/Bsp/Frame/TTS/CPU.c.obj
                0x08000958                hal_CPUInit
 .text.HAL_PinStatus
                0x0800096c       0x2c CMakeFiles/TTS_Lib.elf.dir/Core/Bsp/Show_Class/bsp_pin.c.obj
                0x0800096c                HAL_PinStatus
 .text.TTS_PinInit
                0x08000998       0x44 CMakeFiles/TTS_Lib.elf.dir/Core/Bsp/Show_Class/bsp_pin.c.obj
                0x08000998                TTS_PinInit
 .text.MX_GPIO_Init
                0x080009dc       0xdc CMakeFiles/TTS_Lib.elf.dir/Core/Src/gpio.c.obj
                0x080009dc                MX_GPIO_Init
 .text.Error_Handler
                0x08000ab8        0x4 CMakeFiles/TTS_Lib.elf.dir/Core/Src/main.c.obj
                0x08000ab8                Error_Handler
 .text.SystemClock_Config
                0x08000abc       0x64 CMakeFiles/TTS_Lib.elf.dir/Core/Src/main.c.obj
                0x08000abc                SystemClock_Config
 .text.main     0x08000b20       0x40 CMakeFiles/TTS_Lib.elf.dir/Core/Src/main.c.obj
                0x08000b20                main
 .text.HAL_MspInit
                0x08000b60       0x40 CMakeFiles/TTS_Lib.elf.dir/Core/Src/stm32f1xx_hal_msp.c.obj
                0x08000b60                HAL_MspInit
 .text.NMI_Handler
                0x08000ba0        0x2 CMakeFiles/TTS_Lib.elf.dir/Core/Src/stm32f1xx_it.c.obj
                0x08000ba0                NMI_Handler
 .text.HardFault_Handler
                0x08000ba2        0x2 CMakeFiles/TTS_Lib.elf.dir/Core/Src/stm32f1xx_it.c.obj
                0x08000ba2                HardFault_Handler
 .text.MemManage_Handler
                0x08000ba4        0x2 CMakeFiles/TTS_Lib.elf.dir/Core/Src/stm32f1xx_it.c.obj
                0x08000ba4                MemManage_Handler
 .text.BusFault_Handler
                0x08000ba6        0x2 CMakeFiles/TTS_Lib.elf.dir/Core/Src/stm32f1xx_it.c.obj
                0x08000ba6                BusFault_Handler
 .text.UsageFault_Handler
                0x08000ba8        0x2 CMakeFiles/TTS_Lib.elf.dir/Core/Src/stm32f1xx_it.c.obj
                0x08000ba8                UsageFault_Handler
 .text.SVC_Handler
                0x08000baa        0x2 CMakeFiles/TTS_Lib.elf.dir/Core/Src/stm32f1xx_it.c.obj
                0x08000baa                SVC_Handler
 .text.DebugMon_Handler
                0x08000bac        0x2 CMakeFiles/TTS_Lib.elf.dir/Core/Src/stm32f1xx_it.c.obj
                0x08000bac                DebugMon_Handler
 .text.PendSV_Handler
                0x08000bae        0x2 CMakeFiles/TTS_Lib.elf.dir/Core/Src/stm32f1xx_it.c.obj
                0x08000bae                PendSV_Handler
 .text.SysTick_Handler
                0x08000bb0        0xc CMakeFiles/TTS_Lib.elf.dir/Core/Src/stm32f1xx_it.c.obj
                0x08000bb0                SysTick_Handler
 .text._sbrk    0x08000bbc       0x48 CMakeFiles/TTS_Lib.elf.dir/Core/Src/sysmem.c.obj
                0x08000bbc                _sbrk
 .text.SystemInit
                0x08000c04        0x2 CMakeFiles/TTS_Lib.elf.dir/Core/Src/system_stm32f1xx.c.obj
                0x08000c04                SystemInit
 *fill*         0x08000c06        0x2 
 .text.Reset_Handler
                0x08000c08       0x48 CMakeFiles/TTS_Lib.elf.dir/Core/Startup/startup_stm32f103zetx.s.obj
                0x08000c08                Reset_Handler
 .text.Default_Handler
                0x08000c50        0x2 CMakeFiles/TTS_Lib.elf.dir/Core/Startup/startup_stm32f103zetx.s.obj
                0x08000c50                RTC_Alarm_IRQHandler
                0x08000c50                EXTI2_IRQHandler
                0x08000c50                TIM8_TRG_COM_IRQHandler
                0x08000c50                TIM8_CC_IRQHandler
                0x08000c50                TIM1_CC_IRQHandler
                0x08000c50                TIM6_IRQHandler
                0x08000c50                PVD_IRQHandler
                0x08000c50                SDIO_IRQHandler
                0x08000c50                EXTI3_IRQHandler
                0x08000c50                EXTI0_IRQHandler
                0x08000c50                I2C2_EV_IRQHandler
                0x08000c50                ADC1_2_IRQHandler
                0x08000c50                SPI1_IRQHandler
                0x08000c50                TAMPER_IRQHandler
                0x08000c50                TIM8_UP_IRQHandler
                0x08000c50                DMA2_Channel2_IRQHandler
                0x08000c50                DMA1_Channel4_IRQHandler
                0x08000c50                USART3_IRQHandler
                0x08000c50                RTC_IRQHandler
                0x08000c50                DMA1_Channel7_IRQHandler
                0x08000c50                CAN1_RX1_IRQHandler
                0x08000c50                UART5_IRQHandler
                0x08000c50                ADC3_IRQHandler
                0x08000c50                TIM4_IRQHandler
                0x08000c50                DMA2_Channel1_IRQHandler
                0x08000c50                I2C1_EV_IRQHandler
                0x08000c50                DMA1_Channel6_IRQHandler
                0x08000c50                UART4_IRQHandler
                0x08000c50                TIM3_IRQHandler
                0x08000c50                RCC_IRQHandler
                0x08000c50                TIM1_TRG_COM_IRQHandler
                0x08000c50                DMA1_Channel1_IRQHandler
                0x08000c50                Default_Handler
                0x08000c50                EXTI15_10_IRQHandler
                0x08000c50                TIM7_IRQHandler
                0x08000c50                TIM5_IRQHandler
                0x08000c50                EXTI9_5_IRQHandler
                0x08000c50                SPI2_IRQHandler
                0x08000c50                DMA1_Channel5_IRQHandler
                0x08000c50                EXTI4_IRQHandler
                0x08000c50                USB_LP_CAN1_RX0_IRQHandler
                0x08000c50                USB_HP_CAN1_TX_IRQHandler
                0x08000c50                DMA1_Channel3_IRQHandler
                0x08000c50                FSMC_IRQHandler
                0x08000c50                TIM1_UP_IRQHandler
                0x08000c50                WWDG_IRQHandler
                0x08000c50                TIM2_IRQHandler
                0x08000c50                TIM1_BRK_IRQHandler
                0x08000c50                EXTI1_IRQHandler
                0x08000c50                DMA2_Channel4_5_IRQHandler
                0x08000c50                USART2_IRQHandler
                0x08000c50                I2C2_ER_IRQHandler
                0x08000c50                DMA1_Channel2_IRQHandler
                0x08000c50                TIM8_BRK_IRQHandler
                0x08000c50                CAN1_SCE_IRQHandler
                0x08000c50                FLASH_IRQHandler
                0x08000c50                USART1_IRQHandler
                0x08000c50                SPI3_IRQHandler
                0x08000c50                I2C1_ER_IRQHandler
                0x08000c50                USBWakeUp_IRQHandler
                0x08000c50                DMA2_Channel3_IRQHandler
 .text.UserProc
                0x08000c52        0x2 CMakeFiles/TTS_Lib.elf.dir/Core/User/User.c.obj
                0x08000c52                UserProc
 .text.Button_EventCallBack
                0x08000c54       0x34 CMakeFiles/TTS_Lib.elf.dir/Core/User/User.c.obj
                0x08000c54                Button_EventCallBack
 .text.User_Create_task
                0x08000c88       0x54 CMakeFiles/TTS_Lib.elf.dir/Core/User/User.c.obj
                0x08000c88                User_Create_task
 .text.User_Bsp_Init
                0x08000cdc       0x20 CMakeFiles/TTS_Lib.elf.dir/Core/User/User.c.obj
                0x08000cdc                User_Bsp_Init
 .text.HAL_InitTick
                0x08000cfc       0x4c CMakeFiles/TTS_Lib.elf.dir/Drivers/STM32F1xx_HAL_Driver/Src/stm32f1xx_hal.c.obj
                0x08000cfc                HAL_InitTick
 .text.HAL_Init
                0x08000d48       0x24 CMakeFiles/TTS_Lib.elf.dir/Drivers/STM32F1xx_HAL_Driver/Src/stm32f1xx_hal.c.obj
                0x08000d48                HAL_Init
 .text.HAL_IncTick
                0x08000d6c       0x18 CMakeFiles/TTS_Lib.elf.dir/Drivers/STM32F1xx_HAL_Driver/Src/stm32f1xx_hal.c.obj
                0x08000d6c                HAL_IncTick
 .text.HAL_GetTick
                0x08000d84        0xc CMakeFiles/TTS_Lib.elf.dir/Drivers/STM32F1xx_HAL_Driver/Src/stm32f1xx_hal.c.obj
                0x08000d84                HAL_GetTick
 .text.HAL_Delay
                0x08000d90       0x28 CMakeFiles/TTS_Lib.elf.dir/Drivers/STM32F1xx_HAL_Driver/Src/stm32f1xx_hal.c.obj
                0x08000d90                HAL_Delay
 .text.HAL_NVIC_SetPriorityGrouping
                0x08000db8       0x24 CMakeFiles/TTS_Lib.elf.dir/Drivers/STM32F1xx_HAL_Driver/Src/stm32f1xx_hal_cortex.c.obj
                0x08000db8                HAL_NVIC_SetPriorityGrouping
 .text.HAL_NVIC_SetPriority
                0x08000ddc       0x70 CMakeFiles/TTS_Lib.elf.dir/Drivers/STM32F1xx_HAL_Driver/Src/stm32f1xx_hal_cortex.c.obj
                0x08000ddc                HAL_NVIC_SetPriority
 .text.HAL_SYSTICK_Config
                0x08000e4c       0x28 CMakeFiles/TTS_Lib.elf.dir/Drivers/STM32F1xx_HAL_Driver/Src/stm32f1xx_hal_cortex.c.obj
                0x08000e4c                HAL_SYSTICK_Config
 .text.HAL_GPIO_Init
                0x08000e74      0x240 CMakeFiles/TTS_Lib.elf.dir/Drivers/STM32F1xx_HAL_Driver/Src/stm32f1xx_hal_gpio.c.obj
                0x08000e74                HAL_GPIO_Init
 .text.HAL_GPIO_ReadPin
                0x080010b4        0xe CMakeFiles/TTS_Lib.elf.dir/Drivers/STM32F1xx_HAL_Driver/Src/stm32f1xx_hal_gpio.c.obj
                0x080010b4                HAL_GPIO_ReadPin
 .text.HAL_GPIO_WritePin
                0x080010c2        0xc CMakeFiles/TTS_Lib.elf.dir/Drivers/STM32F1xx_HAL_Driver/Src/stm32f1xx_hal_gpio.c.obj
                0x080010c2                HAL_GPIO_WritePin
 .text.HAL_GPIO_TogglePin
                0x080010ce       0x12 CMakeFiles/TTS_Lib.elf.dir/Drivers/STM32F1xx_HAL_Driver/Src/stm32f1xx_hal_gpio.c.obj
                0x080010ce                HAL_GPIO_TogglePin
 .text.RCC_Delay
                0x080010e0       0x2c CMakeFiles/TTS_Lib.elf.dir/Drivers/STM32F1xx_HAL_Driver/Src/stm32f1xx_hal_rcc.c.obj
 .text.HAL_RCC_OscConfig
                0x0800110c      0x410 CMakeFiles/TTS_Lib.elf.dir/Drivers/STM32F1xx_HAL_Driver/Src/stm32f1xx_hal_rcc.c.obj
                0x0800110c                HAL_RCC_OscConfig
 .text.HAL_RCC_GetSysClockFreq
                0x0800151c       0x54 CMakeFiles/TTS_Lib.elf.dir/Drivers/STM32F1xx_HAL_Driver/Src/stm32f1xx_hal_rcc.c.obj
                0x0800151c                HAL_RCC_GetSysClockFreq
 .text.HAL_RCC_ClockConfig
                0x08001570      0x16c CMakeFiles/TTS_Lib.elf.dir/Drivers/STM32F1xx_HAL_Driver/Src/stm32f1xx_hal_rcc.c.obj
                0x08001570                HAL_RCC_ClockConfig
 .text.__errno  0x080016dc        0xc c:/progra~2/gnuarm~1/102021~1.10/bin/../lib/gcc/arm-none-eabi/10.3.1/../../../../arm-none-eabi/lib/thumb/v7-m/nofp\libg.a(lib_a-errno.o)
                0x080016dc                __errno
 .text.__libc_init_array
                0x080016e8       0x48 c:/progra~2/gnuarm~1/102021~1.10/bin/../lib/gcc/arm-none-eabi/10.3.1/../../../../arm-none-eabi/lib/thumb/v7-m/nofp\libg.a(lib_a-init.o)
                0x080016e8                __libc_init_array
 .text.malloc   0x08001730       0x10 c:/progra~2/gnuarm~1/102021~1.10/bin/../lib/gcc/arm-none-eabi/10.3.1/../../../../arm-none-eabi/lib/thumb/v7-m/nofp\libg.a(lib_a-malloc.o)
                0x08001730                malloc
 .text._malloc_r
                0x08001740      0x558 c:/progra~2/gnuarm~1/102021~1.10/bin/../lib/gcc/arm-none-eabi/10.3.1/../../../../arm-none-eabi/lib/thumb/v7-m/nofp\libg.a(lib_a-mallocr.o)
                0x08001740                _malloc_r
 .text.memset   0x08001c98       0xa4 c:/progra~2/gnuarm~1/102021~1.10/bin/../lib/gcc/arm-none-eabi/10.3.1/../../../../arm-none-eabi/lib/thumb/v7-m/nofp\libg.a(lib_a-memset.o)
                0x08001c98                memset
 .text.__malloc_lock
                0x08001d3c        0xc c:/progra~2/gnuarm~1/102021~1.10/bin/../lib/gcc/arm-none-eabi/10.3.1/../../../../arm-none-eabi/lib/thumb/v7-m/nofp\libg.a(lib_a-mlock.o)
                0x08001d3c                __malloc_lock
 .text.__malloc_unlock
                0x08001d48        0xc c:/progra~2/gnuarm~1/102021~1.10/bin/../lib/gcc/arm-none-eabi/10.3.1/../../../../arm-none-eabi/lib/thumb/v7-m/nofp\libg.a(lib_a-mlock.o)
                0x08001d48                __malloc_unlock
 .text._sbrk_r  0x08001d54       0x24 c:/progra~2/gnuarm~1/102021~1.10/bin/../lib/gcc/arm-none-eabi/10.3.1/../../../../arm-none-eabi/lib/thumb/v7-m/nofp\libg.a(lib_a-sbrkr.o)
                0x08001d54                _sbrk_r
 .text.startup.register_fini
                0x08001d78       0x14 c:/progra~2/gnuarm~1/102021~1.10/bin/../lib/gcc/arm-none-eabi/10.3.1/../../../../arm-none-eabi/lib/thumb/v7-m/nofp\libg.a(lib_a-__call_atexit.o)
 .text.atexit   0x08001d8c        0xc c:/progra~2/gnuarm~1/102021~1.10/bin/../lib/gcc/arm-none-eabi/10.3.1/../../../../arm-none-eabi/lib/thumb/v7-m/nofp\libg.a(lib_a-atexit.o)
                0x08001d8c                atexit
 .text.__libc_fini_array
                0x08001d98       0x2c c:/progra~2/gnuarm~1/102021~1.10/bin/../lib/gcc/arm-none-eabi/10.3.1/../../../../arm-none-eabi/lib/thumb/v7-m/nofp\libg.a(lib_a-fini.o)
                0x08001d98                __libc_fini_array
 .text._malloc_trim_r
                0x08001dc4       0xa0 c:/progra~2/gnuarm~1/102021~1.10/bin/../lib/gcc/arm-none-eabi/10.3.1/../../../../arm-none-eabi/lib/thumb/v7-m/nofp\libg.a(lib_a-freer.o)
                0x08001dc4                _malloc_trim_r
 .text._free_r  0x08001e64      0x200 c:/progra~2/gnuarm~1/102021~1.10/bin/../lib/gcc/arm-none-eabi/10.3.1/../../../../arm-none-eabi/lib/thumb/v7-m/nofp\libg.a(lib_a-freer.o)
                0x08001e64                _free_r
 .text.__retarget_lock_acquire_recursive
                0x08002064        0x4 c:/progra~2/gnuarm~1/102021~1.10/bin/../lib/gcc/arm-none-eabi/10.3.1/../../../../arm-none-eabi/lib/thumb/v7-m/nofp\libg.a(lib_a-lock.o)
                0x08002064                __retarget_lock_acquire_recursive
 .text.__retarget_lock_release_recursive
                0x08002068        0x4 c:/progra~2/gnuarm~1/102021~1.10/bin/../lib/gcc/arm-none-eabi/10.3.1/../../../../arm-none-eabi/lib/thumb/v7-m/nofp\libg.a(lib_a-lock.o)
                0x08002068                __retarget_lock_release_recursive
 .text.__register_exitproc
                0x0800206c       0x8c c:/progra~2/gnuarm~1/102021~1.10/bin/../lib/gcc/arm-none-eabi/10.3.1/../../../../arm-none-eabi/lib/thumb/v7-m/nofp\libg.a(lib_a-__atexit.o)
                0x0800206c                __register_exitproc
 *(.glue_7)
 .glue_7        0x080020f8        0x0 linker stubs
 *(.glue_7t)
 .glue_7t       0x080020f8        0x0 linker stubs
 *(.eh_frame)
 .eh_frame      0x080020f8        0x0 c:/progra~2/gnuarm~1/102021~1.10/bin/../lib/gcc/arm-none-eabi/10.3.1/thumb/v7-m/nofp/crtbegin.o
 *(.init)
 .init          0x080020f8        0x4 c:/progra~2/gnuarm~1/102021~1.10/bin/../lib/gcc/arm-none-eabi/10.3.1/thumb/v7-m/nofp/crti.o
                0x080020f8                _init
 .init          0x080020fc        0x8 c:/progra~2/gnuarm~1/102021~1.10/bin/../lib/gcc/arm-none-eabi/10.3.1/thumb/v7-m/nofp/crtn.o
 *(.fini)
 .fini          0x08002104        0x4 c:/progra~2/gnuarm~1/102021~1.10/bin/../lib/gcc/arm-none-eabi/10.3.1/thumb/v7-m/nofp/crti.o
                0x08002104                _fini
 .fini          0x08002108        0x8 c:/progra~2/gnuarm~1/102021~1.10/bin/../lib/gcc/arm-none-eabi/10.3.1/thumb/v7-m/nofp/crtn.o
                0x08002110                . = ALIGN (0x4)
                0x08002110                _etext = .

.vfp11_veneer   0x08002110        0x0
 .vfp11_veneer  0x08002110        0x0 linker stubs

.v4_bx          0x08002110        0x0
 .v4_bx         0x08002110        0x0 linker stubs

.iplt           0x08002110        0x0
 .iplt          0x08002110        0x0 c:/progra~2/gnuarm~1/102021~1.10/bin/../lib/gcc/arm-none-eabi/10.3.1/thumb/v7-m/nofp/crtbegin.o

.rodata         0x08002110       0x28
                0x08002110                . = ALIGN (0x4)
 *(.rodata)
 *(.rodata*)
 .rodata.AHBPrescTable
                0x08002110       0x10 CMakeFiles/TTS_Lib.elf.dir/Core/Src/system_stm32f1xx.c.obj
                0x08002110                AHBPrescTable
 .rodata.aPLLMULFactorTable.1
                0x08002120       0x10 CMakeFiles/TTS_Lib.elf.dir/Drivers/STM32F1xx_HAL_Driver/Src/stm32f1xx_hal_rcc.c.obj
 .rodata.aPredivFactorTable.0
                0x08002130        0x2 CMakeFiles/TTS_Lib.elf.dir/Drivers/STM32F1xx_HAL_Driver/Src/stm32f1xx_hal_rcc.c.obj
 *fill*         0x08002132        0x2 
 .rodata._global_impure_ptr
                0x08002134        0x4 c:/progra~2/gnuarm~1/102021~1.10/bin/../lib/gcc/arm-none-eabi/10.3.1/../../../../arm-none-eabi/lib/thumb/v7-m/nofp\libg.a(lib_a-impure.o)
                0x08002134                _global_impure_ptr
                0x08002138                . = ALIGN (0x4)

.rel.dyn        0x08002138        0x0
 .rel.iplt      0x08002138        0x0 c:/progra~2/gnuarm~1/102021~1.10/bin/../lib/gcc/arm-none-eabi/10.3.1/thumb/v7-m/nofp/crtbegin.o

.ARM.extab      0x08002138        0x0
                0x08002138                . = ALIGN (0x4)
 *(.ARM.extab* .gnu.linkonce.armextab.*)
                0x08002138                . = ALIGN (0x4)

.ARM            0x08002138        0x0
                0x08002138                . = ALIGN (0x4)
                0x08002138                __exidx_start = .
 *(.ARM.exidx*)
                0x08002138                __exidx_end = .
                0x08002138                . = ALIGN (0x4)

.preinit_array  0x08002138        0x0
                0x08002138                . = ALIGN (0x4)
                0x08002138                PROVIDE (__preinit_array_start = .)
 *(.preinit_array*)
                0x08002138                PROVIDE (__preinit_array_end = .)
                0x08002138                . = ALIGN (0x4)

.init_array     0x08002138        0x8
                0x08002138                . = ALIGN (0x4)
                0x08002138                PROVIDE (__init_array_start = .)
 *(SORT_BY_NAME(.init_array.*))
 .init_array.00000
                0x08002138        0x4 c:/progra~2/gnuarm~1/102021~1.10/bin/../lib/gcc/arm-none-eabi/10.3.1/../../../../arm-none-eabi/lib/thumb/v7-m/nofp\libg.a(lib_a-__call_atexit.o)
 *(.init_array*)
 .init_array    0x0800213c        0x4 c:/progra~2/gnuarm~1/102021~1.10/bin/../lib/gcc/arm-none-eabi/10.3.1/thumb/v7-m/nofp/crtbegin.o
                0x08002140                PROVIDE (__init_array_end = .)
                0x08002140                . = ALIGN (0x4)

.fini_array     0x08002140        0x4
                0x08002140                . = ALIGN (0x4)
                0x08002140                PROVIDE (__fini_array_start = .)
 *(SORT_BY_NAME(.fini_array.*))
 *(.fini_array*)
 .fini_array    0x08002140        0x4 c:/progra~2/gnuarm~1/102021~1.10/bin/../lib/gcc/arm-none-eabi/10.3.1/thumb/v7-m/nofp/crtbegin.o
                0x08002144                PROVIDE (__fini_array_end = .)
                0x08002144                . = ALIGN (0x4)
                0x08002144                _sidata = LOADADDR (.data)

.data           0x20000000      0x85c load address 0x08002144
                0x20000000                . = ALIGN (0x4)
                0x20000000                _sdata = .
 *(.data)
 .data          0x20000000        0x4 D:/Project/20230709TTS/TTS_Lib/Core/Bsp/Frame/TTS_Ex/TTS_Ex_Button.a(tts_button.o)
 *(.data*)
 .data.Led_Blink1
                0x20000004        0x4 CMakeFiles/TTS_Lib.elf.dir/Core/Bsp/Show_Class/bsp_pin.c.obj
                0x20000004                Led_Blink1
 .data.Led_Blink2
                0x20000008        0x8 CMakeFiles/TTS_Lib.elf.dir/Core/Bsp/Show_Class/bsp_pin.c.obj
                0x20000008                Led_Blink2
 .data.SystemCoreClock
                0x20000010        0x4 CMakeFiles/TTS_Lib.elf.dir/Core/Src/system_stm32f1xx.c.obj
                0x20000010                SystemCoreClock
 .data.uwTickFreq
                0x20000014        0x1 CMakeFiles/TTS_Lib.elf.dir/Drivers/STM32F1xx_HAL_Driver/Src/stm32f1xx_hal.c.obj
                0x20000014                uwTickFreq
 *fill*         0x20000015        0x3 
 .data.uwTickPrio
                0x20000018        0x4 CMakeFiles/TTS_Lib.elf.dir/Drivers/STM32F1xx_HAL_Driver/Src/stm32f1xx_hal.c.obj
                0x20000018                uwTickPrio
 .data._impure_ptr
                0x2000001c        0x4 c:/progra~2/gnuarm~1/102021~1.10/bin/../lib/gcc/arm-none-eabi/10.3.1/../../../../arm-none-eabi/lib/thumb/v7-m/nofp\libg.a(lib_a-impure.o)
                0x2000001c                _impure_ptr
 .data.impure_data
                0x20000020      0x428 c:/progra~2/gnuarm~1/102021~1.10/bin/../lib/gcc/arm-none-eabi/10.3.1/../../../../arm-none-eabi/lib/thumb/v7-m/nofp\libg.a(lib_a-impure.o)
 .data.__malloc_av_
                0x20000448      0x408 c:/progra~2/gnuarm~1/102021~1.10/bin/../lib/gcc/arm-none-eabi/10.3.1/../../../../arm-none-eabi/lib/thumb/v7-m/nofp\libg.a(lib_a-mallocr.o)
                0x20000448                __malloc_av_
 .data.__malloc_sbrk_base
                0x20000850        0x4 c:/progra~2/gnuarm~1/102021~1.10/bin/../lib/gcc/arm-none-eabi/10.3.1/../../../../arm-none-eabi/lib/thumb/v7-m/nofp\libg.a(lib_a-mallocr.o)
                0x20000850                __malloc_sbrk_base
 .data.__malloc_trim_threshold
                0x20000854        0x4 c:/progra~2/gnuarm~1/102021~1.10/bin/../lib/gcc/arm-none-eabi/10.3.1/../../../../arm-none-eabi/lib/thumb/v7-m/nofp\libg.a(lib_a-mallocr.o)
                0x20000854                __malloc_trim_threshold
 .data.__atexit_recursive_mutex
                0x20000858        0x4 c:/progra~2/gnuarm~1/102021~1.10/bin/../lib/gcc/arm-none-eabi/10.3.1/../../../../arm-none-eabi/lib/thumb/v7-m/nofp\libg.a(lib_a-__call_atexit.o)
                0x20000858                __atexit_recursive_mutex
 *(.RamFunc)
 *(.RamFunc*)
                0x2000085c                . = ALIGN (0x4)
                0x2000085c                _edata = .

.igot.plt       0x2000085c        0x0 load address 0x080029a0
 .igot.plt      0x2000085c        0x0 c:/progra~2/gnuarm~1/102021~1.10/bin/../lib/gcc/arm-none-eabi/10.3.1/thumb/v7-m/nofp/crtbegin.o
                0x2000085c                . = ALIGN (0x4)

.bss            0x2000085c       0xd0 load address 0x080029a0
                0x2000085c                _sbss = .
                0x2000085c                __bss_start__ = _sbss
 *(.bss)
 .bss           0x2000085c       0x1c c:/progra~2/gnuarm~1/102021~1.10/bin/../lib/gcc/arm-none-eabi/10.3.1/thumb/v7-m/nofp/crtbegin.o
 .bss           0x20000878       0x14 D:/Project/20230709TTS/TTS_Lib/Core/Bsp/Frame/TTS/TTS_Core.a(system.o)
                0x20000888                CPUInterrupt
 .bss           0x2000088c        0xc D:/Project/20230709TTS/TTS_Lib/Core/Bsp/Frame/TTS_Ex/TTS_Ex_Pin.a(tts_pin_out.o)
 .bss           0x20000898       0x14 D:/Project/20230709TTS/TTS_Lib/Core/Bsp/Frame/TTS_Ex/TTS_Ex_Button.a(tts_button.o)
 *(.bss*)
 .bss.Button    0x200008ac       0x1e CMakeFiles/TTS_Lib.elf.dir/Core/Bsp/Control_Class/bsp_button.c.obj
 *fill*         0x200008ca        0x2 
 .bss.User_Pin  0x200008cc       0x18 CMakeFiles/TTS_Lib.elf.dir/Core/Bsp/Show_Class/bsp_pin.c.obj
 .bss.__sbrk_heap_end
                0x200008e4        0x4 CMakeFiles/TTS_Lib.elf.dir/Core/Src/sysmem.c.obj
 .bss.uwTick    0x200008e8        0x4 CMakeFiles/TTS_Lib.elf.dir/Drivers/STM32F1xx_HAL_Driver/Src/stm32f1xx_hal.c.obj
                0x200008e8                uwTick
 .bss.__malloc_current_mallinfo
                0x200008ec       0x28 c:/progra~2/gnuarm~1/102021~1.10/bin/../lib/gcc/arm-none-eabi/10.3.1/../../../../arm-none-eabi/lib/thumb/v7-m/nofp\libg.a(lib_a-mallocr.o)
                0x200008ec                __malloc_current_mallinfo
 .bss.__malloc_max_sbrked_mem
                0x20000914        0x4 c:/progra~2/gnuarm~1/102021~1.10/bin/../lib/gcc/arm-none-eabi/10.3.1/../../../../arm-none-eabi/lib/thumb/v7-m/nofp\libg.a(lib_a-mallocr.o)
                0x20000914                __malloc_max_sbrked_mem
 .bss.__malloc_max_total_mem
                0x20000918        0x4 c:/progra~2/gnuarm~1/102021~1.10/bin/../lib/gcc/arm-none-eabi/10.3.1/../../../../arm-none-eabi/lib/thumb/v7-m/nofp\libg.a(lib_a-mallocr.o)
                0x20000918                __malloc_max_total_mem
 .bss.__malloc_top_pad
                0x2000091c        0x4 c:/progra~2/gnuarm~1/102021~1.10/bin/../lib/gcc/arm-none-eabi/10.3.1/../../../../arm-none-eabi/lib/thumb/v7-m/nofp\libg.a(lib_a-mallocr.o)
                0x2000091c                __malloc_top_pad
 .bss.__lock___atexit_recursive_mutex
                0x20000920        0x1 c:/progra~2/gnuarm~1/102021~1.10/bin/../lib/gcc/arm-none-eabi/10.3.1/../../../../arm-none-eabi/lib/thumb/v7-m/nofp\libg.a(lib_a-lock.o)
                0x20000920                __lock___atexit_recursive_mutex
 *fill*         0x20000921        0x3 
 .bss.__lock___malloc_recursive_mutex
                0x20000924        0x1 c:/progra~2/gnuarm~1/102021~1.10/bin/../lib/gcc/arm-none-eabi/10.3.1/../../../../arm-none-eabi/lib/thumb/v7-m/nofp\libg.a(lib_a-lock.o)
                0x20000924                __lock___malloc_recursive_mutex
 *fill*         0x20000925        0x3 
 .bss.errno     0x20000928        0x4 c:/progra~2/gnuarm~1/102021~1.10/bin/../lib/gcc/arm-none-eabi/10.3.1/../../../../arm-none-eabi/lib/thumb/v7-m/nofp\libg.a(lib_a-reent.o)
                0x20000928                errno
 *(COMMON)
                0x2000092c                . = ALIGN (0x4)
                0x2000092c                _ebss = .
                0x2000092c                __bss_end__ = _ebss

._user_heap_stack
                0x2000092c      0x604 load address 0x080029a0
                0x20000930                . = ALIGN (0x8)
 *fill*         0x2000092c        0x4 
                [!provide]                PROVIDE (end = .)
                0x20000930                PROVIDE (_end = .)
                0x20000b30                . = (. + _Min_Heap_Size)
 *fill*         0x20000930      0x200 
                0x20000f30                . = (. + _Min_Stack_Size)
 *fill*         0x20000b30      0x400 
                0x20000f30                . = ALIGN (0x8)

/DISCARD/
 libc.a(*)
 libm.a(*)
 libgcc.a(*)

.ARM.attributes
                0x00000000       0x29
 *(.ARM.attributes)
 .ARM.attributes
                0x00000000       0x1d c:/progra~2/gnuarm~1/102021~1.10/bin/../lib/gcc/arm-none-eabi/10.3.1/thumb/v7-m/nofp/crti.o
 .ARM.attributes
                0x0000001d       0x2d c:/progra~2/gnuarm~1/102021~1.10/bin/../lib/gcc/arm-none-eabi/10.3.1/thumb/v7-m/nofp/crtbegin.o
 .ARM.attributes
                0x0000004a       0x2d CMakeFiles/TTS_Lib.elf.dir/Core/Bsp/Control_Class/bsp_button.c.obj
 .ARM.attributes
                0x00000077       0x2d CMakeFiles/TTS_Lib.elf.dir/Core/Bsp/Frame/TTS/CPU.c.obj
 .ARM.attributes
                0x000000a4       0x2d CMakeFiles/TTS_Lib.elf.dir/Core/Bsp/Show_Class/bsp_pin.c.obj
 .ARM.attributes
                0x000000d1       0x2d CMakeFiles/TTS_Lib.elf.dir/Core/Src/gpio.c.obj
 .ARM.attributes
                0x000000fe       0x2d CMakeFiles/TTS_Lib.elf.dir/Core/Src/main.c.obj
 .ARM.attributes
                0x0000012b       0x2d CMakeFiles/TTS_Lib.elf.dir/Core/Src/stm32f1xx_hal_msp.c.obj
 .ARM.attributes
                0x00000158       0x2d CMakeFiles/TTS_Lib.elf.dir/Core/Src/stm32f1xx_it.c.obj
 .ARM.attributes
                0x00000185       0x2d CMakeFiles/TTS_Lib.elf.dir/Core/Src/sysmem.c.obj
 .ARM.attributes
                0x000001b2       0x2d CMakeFiles/TTS_Lib.elf.dir/Core/Src/system_stm32f1xx.c.obj
 .ARM.attributes
                0x000001df       0x21 CMakeFiles/TTS_Lib.elf.dir/Core/Startup/startup_stm32f103zetx.s.obj
 .ARM.attributes
                0x00000200       0x2d CMakeFiles/TTS_Lib.elf.dir/Core/User/User.c.obj
 .ARM.attributes
                0x0000022d       0x2d CMakeFiles/TTS_Lib.elf.dir/Drivers/STM32F1xx_HAL_Driver/Src/stm32f1xx_hal.c.obj
 .ARM.attributes
                0x0000025a       0x2d CMakeFiles/TTS_Lib.elf.dir/Drivers/STM32F1xx_HAL_Driver/Src/stm32f1xx_hal_cortex.c.obj
 .ARM.attributes
                0x00000287       0x2d CMakeFiles/TTS_Lib.elf.dir/Drivers/STM32F1xx_HAL_Driver/Src/stm32f1xx_hal_gpio.c.obj
 .ARM.attributes
                0x000002b4       0x2d CMakeFiles/TTS_Lib.elf.dir/Drivers/STM32F1xx_HAL_Driver/Src/stm32f1xx_hal_rcc.c.obj
 .ARM.attributes
                0x000002e1       0x2d D:/Project/20230709TTS/TTS_Lib/Core/Bsp/Frame/TTS/TTS_Core.a(system.o)
 .ARM.attributes
                0x0000030e       0x2d D:/Project/20230709TTS/TTS_Lib/Core/Bsp/Frame/TTS_Ex/TTS_Ex_Pin.a(tts_pin_out.o)
 .ARM.attributes
                0x0000033b       0x2d D:/Project/20230709TTS/TTS_Lib/Core/Bsp/Frame/TTS_Ex/TTS_Ex_Button.a(tts_button.o)
 .ARM.attributes
                0x00000368       0x2d c:/progra~2/gnuarm~1/102021~1.10/bin/../lib/gcc/arm-none-eabi/10.3.1/../../../../arm-none-eabi/lib/thumb/v7-m/nofp\libg.a(lib_a-errno.o)
 .ARM.attributes
                0x00000395       0x2d c:/progra~2/gnuarm~1/102021~1.10/bin/../lib/gcc/arm-none-eabi/10.3.1/../../../../arm-none-eabi/lib/thumb/v7-m/nofp\libg.a(lib_a-impure.o)
 .ARM.attributes
                0x000003c2       0x2d c:/progra~2/gnuarm~1/102021~1.10/bin/../lib/gcc/arm-none-eabi/10.3.1/../../../../arm-none-eabi/lib/thumb/v7-m/nofp\libg.a(lib_a-init.o)
 .ARM.attributes
                0x000003ef       0x2d c:/progra~2/gnuarm~1/102021~1.10/bin/../lib/gcc/arm-none-eabi/10.3.1/../../../../arm-none-eabi/lib/thumb/v7-m/nofp\libg.a(lib_a-malloc.o)
 .ARM.attributes
                0x0000041c       0x2d c:/progra~2/gnuarm~1/102021~1.10/bin/../lib/gcc/arm-none-eabi/10.3.1/../../../../arm-none-eabi/lib/thumb/v7-m/nofp\libg.a(lib_a-mallocr.o)
 .ARM.attributes
                0x00000449       0x2d c:/progra~2/gnuarm~1/102021~1.10/bin/../lib/gcc/arm-none-eabi/10.3.1/../../../../arm-none-eabi/lib/thumb/v7-m/nofp\libg.a(lib_a-memset.o)
 .ARM.attributes
                0x00000476       0x2d c:/progra~2/gnuarm~1/102021~1.10/bin/../lib/gcc/arm-none-eabi/10.3.1/../../../../arm-none-eabi/lib/thumb/v7-m/nofp\libg.a(lib_a-mlock.o)
 .ARM.attributes
                0x000004a3       0x2d c:/progra~2/gnuarm~1/102021~1.10/bin/../lib/gcc/arm-none-eabi/10.3.1/../../../../arm-none-eabi/lib/thumb/v7-m/nofp\libg.a(lib_a-sbrkr.o)
 .ARM.attributes
                0x000004d0       0x2d c:/progra~2/gnuarm~1/102021~1.10/bin/../lib/gcc/arm-none-eabi/10.3.1/../../../../arm-none-eabi/lib/thumb/v7-m/nofp\libg.a(lib_a-__call_atexit.o)
 .ARM.attributes
                0x000004fd       0x2d c:/progra~2/gnuarm~1/102021~1.10/bin/../lib/gcc/arm-none-eabi/10.3.1/../../../../arm-none-eabi/lib/thumb/v7-m/nofp\libg.a(lib_a-atexit.o)
 .ARM.attributes
                0x0000052a       0x2d c:/progra~2/gnuarm~1/102021~1.10/bin/../lib/gcc/arm-none-eabi/10.3.1/../../../../arm-none-eabi/lib/thumb/v7-m/nofp\libg.a(lib_a-fini.o)
 .ARM.attributes
                0x00000557       0x2d c:/progra~2/gnuarm~1/102021~1.10/bin/../lib/gcc/arm-none-eabi/10.3.1/../../../../arm-none-eabi/lib/thumb/v7-m/nofp\libg.a(lib_a-freer.o)
 .ARM.attributes
                0x00000584       0x2d c:/progra~2/gnuarm~1/102021~1.10/bin/../lib/gcc/arm-none-eabi/10.3.1/../../../../arm-none-eabi/lib/thumb/v7-m/nofp\libg.a(lib_a-lock.o)
 .ARM.attributes
                0x000005b1       0x2d c:/progra~2/gnuarm~1/102021~1.10/bin/../lib/gcc/arm-none-eabi/10.3.1/../../../../arm-none-eabi/lib/thumb/v7-m/nofp\libg.a(lib_a-reent.o)
 .ARM.attributes
                0x000005de       0x2d c:/progra~2/gnuarm~1/102021~1.10/bin/../lib/gcc/arm-none-eabi/10.3.1/../../../../arm-none-eabi/lib/thumb/v7-m/nofp\libg.a(lib_a-__atexit.o)
 .ARM.attributes
                0x0000060b       0x1d c:/progra~2/gnuarm~1/102021~1.10/bin/../lib/gcc/arm-none-eabi/10.3.1/thumb/v7-m/nofp/crtn.o
OUTPUT(TTS_Lib.elf elf32-littlearm)
LOAD linker stubs
LOAD c:/progra~2/gnuarm~1/102021~1.10/bin/../lib/gcc/arm-none-eabi/10.3.1/../../../../arm-none-eabi/lib/thumb/v7-m/nofp\libc.a
LOAD c:/progra~2/gnuarm~1/102021~1.10/bin/../lib/gcc/arm-none-eabi/10.3.1/../../../../arm-none-eabi/lib/thumb/v7-m/nofp\libm.a
LOAD c:/progra~2/gnuarm~1/102021~1.10/bin/../lib/gcc/arm-none-eabi/10.3.1/thumb/v7-m/nofp\libgcc.a

.debug_info     0x00000000     0x567f
 .debug_info    0x00000000      0x3d2 CMakeFiles/TTS_Lib.elf.dir/Core/Bsp/Control_Class/bsp_button.c.obj
 .debug_info    0x000003d2      0x8fe CMakeFiles/TTS_Lib.elf.dir/Core/Bsp/Frame/TTS/CPU.c.obj
 .debug_info    0x00000cd0      0x389 CMakeFiles/TTS_Lib.elf.dir/Core/Bsp/Show_Class/bsp_pin.c.obj
 .debug_info    0x00001059      0x388 CMakeFiles/TTS_Lib.elf.dir/Core/Src/gpio.c.obj
 .debug_info    0x000013e1      0x458 CMakeFiles/TTS_Lib.elf.dir/Core/Src/main.c.obj
 .debug_info    0x00001839      0x218 CMakeFiles/TTS_Lib.elf.dir/Core/Src/stm32f1xx_hal_msp.c.obj
 .debug_info    0x00001a51      0x14c CMakeFiles/TTS_Lib.elf.dir/Core/Src/stm32f1xx_it.c.obj
 .debug_info    0x00001b9d      0x174 CMakeFiles/TTS_Lib.elf.dir/Core/Src/sysmem.c.obj
 .debug_info    0x00001d11      0x248 CMakeFiles/TTS_Lib.elf.dir/Core/Src/system_stm32f1xx.c.obj
 .debug_info    0x00001f59       0x22 CMakeFiles/TTS_Lib.elf.dir/Core/Startup/startup_stm32f103zetx.s.obj
 .debug_info    0x00001f7b      0x30d CMakeFiles/TTS_Lib.elf.dir/Core/User/User.c.obj
 .debug_info    0x00002288      0x80e CMakeFiles/TTS_Lib.elf.dir/Drivers/STM32F1xx_HAL_Driver/Src/stm32f1xx_hal.c.obj
 .debug_info    0x00002a96      0xdf0 CMakeFiles/TTS_Lib.elf.dir/Drivers/STM32F1xx_HAL_Driver/Src/stm32f1xx_hal_cortex.c.obj
 .debug_info    0x00003886      0x66f CMakeFiles/TTS_Lib.elf.dir/Drivers/STM32F1xx_HAL_Driver/Src/stm32f1xx_hal_gpio.c.obj
 .debug_info    0x00003ef5      0xa3b CMakeFiles/TTS_Lib.elf.dir/Drivers/STM32F1xx_HAL_Driver/Src/stm32f1xx_hal_rcc.c.obj
 .debug_info    0x00004930      0x640 D:/Project/20230709TTS/TTS_Lib/Core/Bsp/Frame/TTS/TTS_Core.a(system.o)
 .debug_info    0x00004f70      0x1fc D:/Project/20230709TTS/TTS_Lib/Core/Bsp/Frame/TTS_Ex/TTS_Ex_Pin.a(tts_pin_out.o)
 .debug_info    0x0000516c      0x513 D:/Project/20230709TTS/TTS_Lib/Core/Bsp/Frame/TTS_Ex/TTS_Ex_Button.a(tts_button.o)

.debug_abbrev   0x00000000     0x1c13
 .debug_abbrev  0x00000000      0x193 CMakeFiles/TTS_Lib.elf.dir/Core/Bsp/Control_Class/bsp_button.c.obj
 .debug_abbrev  0x00000193      0x288 CMakeFiles/TTS_Lib.elf.dir/Core/Bsp/Frame/TTS/CPU.c.obj
 .debug_abbrev  0x0000041b      0x18e CMakeFiles/TTS_Lib.elf.dir/Core/Bsp/Show_Class/bsp_pin.c.obj
 .debug_abbrev  0x000005a9      0x13c CMakeFiles/TTS_Lib.elf.dir/Core/Src/gpio.c.obj
 .debug_abbrev  0x000006e5      0x1a5 CMakeFiles/TTS_Lib.elf.dir/Core/Src/main.c.obj
 .debug_abbrev  0x0000088a       0xe5 CMakeFiles/TTS_Lib.elf.dir/Core/Src/stm32f1xx_hal_msp.c.obj
 .debug_abbrev  0x0000096f       0x91 CMakeFiles/TTS_Lib.elf.dir/Core/Src/stm32f1xx_it.c.obj
 .debug_abbrev  0x00000a00       0xe7 CMakeFiles/TTS_Lib.elf.dir/Core/Src/sysmem.c.obj
 .debug_abbrev  0x00000ae7      0x13e CMakeFiles/TTS_Lib.elf.dir/Core/Src/system_stm32f1xx.c.obj
 .debug_abbrev  0x00000c25       0x12 CMakeFiles/TTS_Lib.elf.dir/Core/Startup/startup_stm32f103zetx.s.obj
 .debug_abbrev  0x00000c37       0xf4 CMakeFiles/TTS_Lib.elf.dir/Core/User/User.c.obj
 .debug_abbrev  0x00000d2b      0x1f4 CMakeFiles/TTS_Lib.elf.dir/Drivers/STM32F1xx_HAL_Driver/Src/stm32f1xx_hal.c.obj
 .debug_abbrev  0x00000f1f      0x341 CMakeFiles/TTS_Lib.elf.dir/Drivers/STM32F1xx_HAL_Driver/Src/stm32f1xx_hal_cortex.c.obj
 .debug_abbrev  0x00001260      0x1e6 CMakeFiles/TTS_Lib.elf.dir/Drivers/STM32F1xx_HAL_Driver/Src/stm32f1xx_hal_gpio.c.obj
 .debug_abbrev  0x00001446      0x27a CMakeFiles/TTS_Lib.elf.dir/Drivers/STM32F1xx_HAL_Driver/Src/stm32f1xx_hal_rcc.c.obj
 .debug_abbrev  0x000016c0      0x20a D:/Project/20230709TTS/TTS_Lib/Core/Bsp/Frame/TTS/TTS_Core.a(system.o)
 .debug_abbrev  0x000018ca      0x13b D:/Project/20230709TTS/TTS_Lib/Core/Bsp/Frame/TTS_Ex/TTS_Ex_Pin.a(tts_pin_out.o)
 .debug_abbrev  0x00001a05      0x20e D:/Project/20230709TTS/TTS_Lib/Core/Bsp/Frame/TTS_Ex/TTS_Ex_Button.a(tts_button.o)

.debug_loc      0x00000000     0x209d
 .debug_loc     0x00000000       0xae CMakeFiles/TTS_Lib.elf.dir/Core/Bsp/Control_Class/bsp_button.c.obj
 .debug_loc     0x000000ae      0x2e4 CMakeFiles/TTS_Lib.elf.dir/Core/Bsp/Frame/TTS/CPU.c.obj
 .debug_loc     0x00000392       0x5f CMakeFiles/TTS_Lib.elf.dir/Core/Bsp/Show_Class/bsp_pin.c.obj
 .debug_loc     0x000003f1       0x15 CMakeFiles/TTS_Lib.elf.dir/Core/Src/stm32f1xx_hal_msp.c.obj
 .debug_loc     0x00000406       0x64 CMakeFiles/TTS_Lib.elf.dir/Core/Src/sysmem.c.obj
 .debug_loc     0x0000046a       0xff CMakeFiles/TTS_Lib.elf.dir/Core/Src/system_stm32f1xx.c.obj
 .debug_loc     0x00000569       0xf8 CMakeFiles/TTS_Lib.elf.dir/Core/User/User.c.obj
 .debug_loc     0x00000661      0x141 CMakeFiles/TTS_Lib.elf.dir/Drivers/STM32F1xx_HAL_Driver/Src/stm32f1xx_hal.c.obj
 .debug_loc     0x000007a2      0x71f CMakeFiles/TTS_Lib.elf.dir/Drivers/STM32F1xx_HAL_Driver/Src/stm32f1xx_hal_cortex.c.obj
 .debug_loc     0x00000ec1      0x47d CMakeFiles/TTS_Lib.elf.dir/Drivers/STM32F1xx_HAL_Driver/Src/stm32f1xx_hal_gpio.c.obj
 .debug_loc     0x0000133e      0x618 CMakeFiles/TTS_Lib.elf.dir/Drivers/STM32F1xx_HAL_Driver/Src/stm32f1xx_hal_rcc.c.obj
 .debug_loc     0x00001956      0x43c D:/Project/20230709TTS/TTS_Lib/Core/Bsp/Frame/TTS/TTS_Core.a(system.o)
 .debug_loc     0x00001d92       0xeb D:/Project/20230709TTS/TTS_Lib/Core/Bsp/Frame/TTS_Ex/TTS_Ex_Pin.a(tts_pin_out.o)
 .debug_loc     0x00001e7d      0x220 D:/Project/20230709TTS/TTS_Lib/Core/Bsp/Frame/TTS_Ex/TTS_Ex_Button.a(tts_button.o)

.debug_aranges  0x00000000      0x4c8
 .debug_aranges
                0x00000000       0x28 CMakeFiles/TTS_Lib.elf.dir/Core/Bsp/Control_Class/bsp_button.c.obj
 .debug_aranges
                0x00000028       0x48 CMakeFiles/TTS_Lib.elf.dir/Core/Bsp/Frame/TTS/CPU.c.obj
 .debug_aranges
                0x00000070       0x28 CMakeFiles/TTS_Lib.elf.dir/Core/Bsp/Show_Class/bsp_pin.c.obj
 .debug_aranges
                0x00000098       0x20 CMakeFiles/TTS_Lib.elf.dir/Core/Src/gpio.c.obj
 .debug_aranges
                0x000000b8       0x30 CMakeFiles/TTS_Lib.elf.dir/Core/Src/main.c.obj
 .debug_aranges
                0x000000e8       0x20 CMakeFiles/TTS_Lib.elf.dir/Core/Src/stm32f1xx_hal_msp.c.obj
 .debug_aranges
                0x00000108       0x60 CMakeFiles/TTS_Lib.elf.dir/Core/Src/stm32f1xx_it.c.obj
 .debug_aranges
                0x00000168       0x20 CMakeFiles/TTS_Lib.elf.dir/Core/Src/sysmem.c.obj
 .debug_aranges
                0x00000188       0x28 CMakeFiles/TTS_Lib.elf.dir/Core/Src/system_stm32f1xx.c.obj
 .debug_aranges
                0x000001b0       0x28 CMakeFiles/TTS_Lib.elf.dir/Core/Startup/startup_stm32f103zetx.s.obj
 .debug_aranges
                0x000001d8       0x38 CMakeFiles/TTS_Lib.elf.dir/Core/User/User.c.obj
 .debug_aranges
                0x00000210       0xe0 CMakeFiles/TTS_Lib.elf.dir/Drivers/STM32F1xx_HAL_Driver/Src/stm32f1xx_hal.c.obj
 .debug_aranges
                0x000002f0       0x90 CMakeFiles/TTS_Lib.elf.dir/Drivers/STM32F1xx_HAL_Driver/Src/stm32f1xx_hal_cortex.c.obj
 .debug_aranges
                0x00000380       0x58 CMakeFiles/TTS_Lib.elf.dir/Drivers/STM32F1xx_HAL_Driver/Src/stm32f1xx_hal_gpio.c.obj
 .debug_aranges
                0x000003d8       0x90 CMakeFiles/TTS_Lib.elf.dir/Drivers/STM32F1xx_HAL_Driver/Src/stm32f1xx_hal_rcc.c.obj
 .debug_aranges
                0x00000468       0x20 D:/Project/20230709TTS/TTS_Lib/Core/Bsp/Frame/TTS/TTS_Core.a(system.o)
 .debug_aranges
                0x00000488       0x20 D:/Project/20230709TTS/TTS_Lib/Core/Bsp/Frame/TTS_Ex/TTS_Ex_Pin.a(tts_pin_out.o)
 .debug_aranges
                0x000004a8       0x20 D:/Project/20230709TTS/TTS_Lib/Core/Bsp/Frame/TTS_Ex/TTS_Ex_Button.a(tts_button.o)

.debug_ranges   0x00000000      0x400
 .debug_ranges  0x00000000       0x18 CMakeFiles/TTS_Lib.elf.dir/Core/Bsp/Control_Class/bsp_button.c.obj
 .debug_ranges  0x00000018       0x38 CMakeFiles/TTS_Lib.elf.dir/Core/Bsp/Frame/TTS/CPU.c.obj
 .debug_ranges  0x00000050       0x18 CMakeFiles/TTS_Lib.elf.dir/Core/Bsp/Show_Class/bsp_pin.c.obj
 .debug_ranges  0x00000068       0x10 CMakeFiles/TTS_Lib.elf.dir/Core/Src/gpio.c.obj
 .debug_ranges  0x00000078       0x20 CMakeFiles/TTS_Lib.elf.dir/Core/Src/main.c.obj
 .debug_ranges  0x00000098       0x10 CMakeFiles/TTS_Lib.elf.dir/Core/Src/stm32f1xx_hal_msp.c.obj
 .debug_ranges  0x000000a8       0x50 CMakeFiles/TTS_Lib.elf.dir/Core/Src/stm32f1xx_it.c.obj
 .debug_ranges  0x000000f8       0x10 CMakeFiles/TTS_Lib.elf.dir/Core/Src/sysmem.c.obj
 .debug_ranges  0x00000108       0x18 CMakeFiles/TTS_Lib.elf.dir/Core/Src/system_stm32f1xx.c.obj
 .debug_ranges  0x00000120       0x20 CMakeFiles/TTS_Lib.elf.dir/Core/Startup/startup_stm32f103zetx.s.obj
 .debug_ranges  0x00000140       0x28 CMakeFiles/TTS_Lib.elf.dir/Core/User/User.c.obj
 .debug_ranges  0x00000168       0xd0 CMakeFiles/TTS_Lib.elf.dir/Drivers/STM32F1xx_HAL_Driver/Src/stm32f1xx_hal.c.obj
 .debug_ranges  0x00000238       0xe0 CMakeFiles/TTS_Lib.elf.dir/Drivers/STM32F1xx_HAL_Driver/Src/stm32f1xx_hal_cortex.c.obj
 .debug_ranges  0x00000318       0x48 CMakeFiles/TTS_Lib.elf.dir/Drivers/STM32F1xx_HAL_Driver/Src/stm32f1xx_hal_gpio.c.obj
 .debug_ranges  0x00000360       0xa0 CMakeFiles/TTS_Lib.elf.dir/Drivers/STM32F1xx_HAL_Driver/Src/stm32f1xx_hal_rcc.c.obj

.debug_line     0x00000000     0x429a
 .debug_line    0x00000000      0x2a3 CMakeFiles/TTS_Lib.elf.dir/Core/Bsp/Control_Class/bsp_button.c.obj
 .debug_line    0x000002a3      0x3e4 CMakeFiles/TTS_Lib.elf.dir/Core/Bsp/Frame/TTS/CPU.c.obj
 .debug_line    0x00000687      0x284 CMakeFiles/TTS_Lib.elf.dir/Core/Bsp/Show_Class/bsp_pin.c.obj
 .debug_line    0x0000090b      0x249 CMakeFiles/TTS_Lib.elf.dir/Core/Src/gpio.c.obj
 .debug_line    0x00000b54      0x403 CMakeFiles/TTS_Lib.elf.dir/Core/Src/main.c.obj
 .debug_line    0x00000f57      0x17a CMakeFiles/TTS_Lib.elf.dir/Core/Src/stm32f1xx_hal_msp.c.obj
 .debug_line    0x000010d1      0x1f6 CMakeFiles/TTS_Lib.elf.dir/Core/Src/stm32f1xx_it.c.obj
 .debug_line    0x000012c7      0x1ab CMakeFiles/TTS_Lib.elf.dir/Core/Src/sysmem.c.obj
 .debug_line    0x00001472      0x244 CMakeFiles/TTS_Lib.elf.dir/Core/Src/system_stm32f1xx.c.obj
 .debug_line    0x000016b6       0xa3 CMakeFiles/TTS_Lib.elf.dir/Core/Startup/startup_stm32f103zetx.s.obj
 .debug_line    0x00001759      0x2a0 CMakeFiles/TTS_Lib.elf.dir/Core/User/User.c.obj
 .debug_line    0x000019f9      0x56a CMakeFiles/TTS_Lib.elf.dir/Drivers/STM32F1xx_HAL_Driver/Src/stm32f1xx_hal.c.obj
 .debug_line    0x00001f63      0x656 CMakeFiles/TTS_Lib.elf.dir/Drivers/STM32F1xx_HAL_Driver/Src/stm32f1xx_hal_cortex.c.obj
 .debug_line    0x000025b9      0x612 CMakeFiles/TTS_Lib.elf.dir/Drivers/STM32F1xx_HAL_Driver/Src/stm32f1xx_hal_gpio.c.obj
 .debug_line    0x00002bcb      0xc3b CMakeFiles/TTS_Lib.elf.dir/Drivers/STM32F1xx_HAL_Driver/Src/stm32f1xx_hal_rcc.c.obj
 .debug_line    0x00003806      0x632 D:/Project/20230709TTS/TTS_Lib/Core/Bsp/Frame/TTS/TTS_Core.a(system.o)
 .debug_line    0x00003e38      0x1af D:/Project/20230709TTS/TTS_Lib/Core/Bsp/Frame/TTS_Ex/TTS_Ex_Pin.a(tts_pin_out.o)
 .debug_line    0x00003fe7      0x2b3 D:/Project/20230709TTS/TTS_Lib/Core/Bsp/Frame/TTS_Ex/TTS_Ex_Button.a(tts_button.o)

.debug_str      0x00000000     0x1e5c
 .debug_str     0x00000000      0x405 CMakeFiles/TTS_Lib.elf.dir/Core/Bsp/Control_Class/bsp_button.c.obj
                                0x452 (size before relaxing)
 .debug_str     0x00000405      0x60e CMakeFiles/TTS_Lib.elf.dir/Core/Bsp/Frame/TTS/CPU.c.obj
                                0x7cb (size before relaxing)
 .debug_str     0x00000a13      0x10b CMakeFiles/TTS_Lib.elf.dir/Core/Bsp/Show_Class/bsp_pin.c.obj
                                0x2ea (size before relaxing)
 .debug_str     0x00000b1e       0xea CMakeFiles/TTS_Lib.elf.dir/Core/Src/gpio.c.obj
                                0x2b9 (size before relaxing)
 .debug_str     0x00000c08      0x1f0 CMakeFiles/TTS_Lib.elf.dir/Core/Src/main.c.obj
                                0x409 (size before relaxing)
 .debug_str     0x00000df8       0x6c CMakeFiles/TTS_Lib.elf.dir/Core/Src/stm32f1xx_hal_msp.c.obj
                                0x25b (size before relaxing)
 .debug_str     0x00000e64       0xe6 CMakeFiles/TTS_Lib.elf.dir/Core/Src/stm32f1xx_it.c.obj
                                0x271 (size before relaxing)
 .debug_str     0x00000f4a       0x99 CMakeFiles/TTS_Lib.elf.dir/Core/Src/sysmem.c.obj
                                0x24e (size before relaxing)
 .debug_str     0x00000fe3       0x8a CMakeFiles/TTS_Lib.elf.dir/Core/Src/system_stm32f1xx.c.obj
                                0x28a (size before relaxing)
 .debug_str     0x0000106d       0x52 CMakeFiles/TTS_Lib.elf.dir/Core/Startup/startup_stm32f103zetx.s.obj
                                 0x83 (size before relaxing)
 .debug_str     0x000010bf       0xd6 CMakeFiles/TTS_Lib.elf.dir/Core/User/User.c.obj
                                0x393 (size before relaxing)
 .debug_str     0x00001195      0x318 CMakeFiles/TTS_Lib.elf.dir/Drivers/STM32F1xx_HAL_Driver/Src/stm32f1xx_hal.c.obj
                                0x93e (size before relaxing)
 .debug_str     0x000014ad      0x2ef CMakeFiles/TTS_Lib.elf.dir/Drivers/STM32F1xx_HAL_Driver/Src/stm32f1xx_hal_cortex.c.obj
                                0x9ed (size before relaxing)
 .debug_str     0x0000179c      0x122 CMakeFiles/TTS_Lib.elf.dir/Drivers/STM32F1xx_HAL_Driver/Src/stm32f1xx_hal_gpio.c.obj
                                0x436 (size before relaxing)
 .debug_str     0x000018be      0x210 CMakeFiles/TTS_Lib.elf.dir/Drivers/STM32F1xx_HAL_Driver/Src/stm32f1xx_hal_rcc.c.obj
                                0x661 (size before relaxing)
 .debug_str     0x00001ace      0x24d D:/Project/20230709TTS/TTS_Lib/Core/Bsp/Frame/TTS/TTS_Core.a(system.o)
                                0x3f9 (size before relaxing)
 .debug_str     0x00001d1b       0x57 D:/Project/20230709TTS/TTS_Lib/Core/Bsp/Frame/TTS_Ex/TTS_Ex_Pin.a(tts_pin_out.o)
                                0x18f (size before relaxing)
 .debug_str     0x00001d72       0xea D:/Project/20230709TTS/TTS_Lib/Core/Bsp/Frame/TTS_Ex/TTS_Ex_Button.a(tts_button.o)
                                0x3d2 (size before relaxing)

.comment        0x00000000       0x49
 .comment       0x00000000       0x49 CMakeFiles/TTS_Lib.elf.dir/Core/Bsp/Control_Class/bsp_button.c.obj
                                 0x4a (size before relaxing)
 .comment       0x00000049       0x4a CMakeFiles/TTS_Lib.elf.dir/Core/Bsp/Frame/TTS/CPU.c.obj
 .comment       0x00000049       0x4a CMakeFiles/TTS_Lib.elf.dir/Core/Bsp/Show_Class/bsp_pin.c.obj
 .comment       0x00000049       0x4a CMakeFiles/TTS_Lib.elf.dir/Core/Src/gpio.c.obj
 .comment       0x00000049       0x4a CMakeFiles/TTS_Lib.elf.dir/Core/Src/main.c.obj
 .comment       0x00000049       0x4a CMakeFiles/TTS_Lib.elf.dir/Core/Src/stm32f1xx_hal_msp.c.obj
 .comment       0x00000049       0x4a CMakeFiles/TTS_Lib.elf.dir/Core/Src/stm32f1xx_it.c.obj
 .comment       0x00000049       0x4a CMakeFiles/TTS_Lib.elf.dir/Core/Src/sysmem.c.obj
 .comment       0x00000049       0x4a CMakeFiles/TTS_Lib.elf.dir/Core/Src/system_stm32f1xx.c.obj
 .comment       0x00000049       0x4a CMakeFiles/TTS_Lib.elf.dir/Core/User/User.c.obj
 .comment       0x00000049       0x4a CMakeFiles/TTS_Lib.elf.dir/Drivers/STM32F1xx_HAL_Driver/Src/stm32f1xx_hal.c.obj
 .comment       0x00000049       0x4a CMakeFiles/TTS_Lib.elf.dir/Drivers/STM32F1xx_HAL_Driver/Src/stm32f1xx_hal_cortex.c.obj
 .comment       0x00000049       0x4a CMakeFiles/TTS_Lib.elf.dir/Drivers/STM32F1xx_HAL_Driver/Src/stm32f1xx_hal_gpio.c.obj
 .comment       0x00000049       0x4a CMakeFiles/TTS_Lib.elf.dir/Drivers/STM32F1xx_HAL_Driver/Src/stm32f1xx_hal_rcc.c.obj
 .comment       0x00000049       0x4a D:/Project/20230709TTS/TTS_Lib/Core/Bsp/Frame/TTS/TTS_Core.a(system.o)
 .comment       0x00000049       0x4a D:/Project/20230709TTS/TTS_Lib/Core/Bsp/Frame/TTS_Ex/TTS_Ex_Pin.a(tts_pin_out.o)
 .comment       0x00000049       0x4a D:/Project/20230709TTS/TTS_Lib/Core/Bsp/Frame/TTS_Ex/TTS_Ex_Button.a(tts_button.o)

.debug_frame    0x00000000      0xf00
 .debug_frame   0x00000000       0x48 CMakeFiles/TTS_Lib.elf.dir/Core/Bsp/Control_Class/bsp_button.c.obj
 .debug_frame   0x00000048       0x98 CMakeFiles/TTS_Lib.elf.dir/Core/Bsp/Frame/TTS/CPU.c.obj
 .debug_frame   0x000000e0       0x48 CMakeFiles/TTS_Lib.elf.dir/Core/Bsp/Show_Class/bsp_pin.c.obj
 .debug_frame   0x00000128       0x38 CMakeFiles/TTS_Lib.elf.dir/Core/Src/gpio.c.obj
 .debug_frame   0x00000160       0x58 CMakeFiles/TTS_Lib.elf.dir/Core/Src/main.c.obj
 .debug_frame   0x000001b8       0x28 CMakeFiles/TTS_Lib.elf.dir/Core/Src/stm32f1xx_hal_msp.c.obj
 .debug_frame   0x000001e0       0xa8 CMakeFiles/TTS_Lib.elf.dir/Core/Src/stm32f1xx_it.c.obj
 .debug_frame   0x00000288       0x28 CMakeFiles/TTS_Lib.elf.dir/Core/Src/sysmem.c.obj
 .debug_frame   0x000002b0       0x30 CMakeFiles/TTS_Lib.elf.dir/Core/Src/system_stm32f1xx.c.obj
 .debug_frame   0x000002e0       0x68 CMakeFiles/TTS_Lib.elf.dir/Core/User/User.c.obj
 .debug_frame   0x00000348      0x1cc CMakeFiles/TTS_Lib.elf.dir/Drivers/STM32F1xx_HAL_Driver/Src/stm32f1xx_hal.c.obj
 .debug_frame   0x00000514      0x118 CMakeFiles/TTS_Lib.elf.dir/Drivers/STM32F1xx_HAL_Driver/Src/stm32f1xx_hal_cortex.c.obj
 .debug_frame   0x0000062c       0xe4 CMakeFiles/TTS_Lib.elf.dir/Drivers/STM32F1xx_HAL_Driver/Src/stm32f1xx_hal_gpio.c.obj
 .debug_frame   0x00000710      0x184 CMakeFiles/TTS_Lib.elf.dir/Drivers/STM32F1xx_HAL_Driver/Src/stm32f1xx_hal_rcc.c.obj
 .debug_frame   0x00000894      0x198 D:/Project/20230709TTS/TTS_Lib/Core/Bsp/Frame/TTS/TTS_Core.a(system.o)
 .debug_frame   0x00000a2c       0x5c D:/Project/20230709TTS/TTS_Lib/Core/Bsp/Frame/TTS_Ex/TTS_Ex_Pin.a(tts_pin_out.o)
 .debug_frame   0x00000a88       0xa4 D:/Project/20230709TTS/TTS_Lib/Core/Bsp/Frame/TTS_Ex/TTS_Ex_Button.a(tts_button.o)
 .debug_frame   0x00000b2c       0x20 c:/progra~2/gnuarm~1/102021~1.10/bin/../lib/gcc/arm-none-eabi/10.3.1/../../../../arm-none-eabi/lib/thumb/v7-m/nofp\libg.a(lib_a-errno.o)
 .debug_frame   0x00000b4c       0x2c c:/progra~2/gnuarm~1/102021~1.10/bin/../lib/gcc/arm-none-eabi/10.3.1/../../../../arm-none-eabi/lib/thumb/v7-m/nofp\libg.a(lib_a-init.o)
 .debug_frame   0x00000b78       0x30 c:/progra~2/gnuarm~1/102021~1.10/bin/../lib/gcc/arm-none-eabi/10.3.1/../../../../arm-none-eabi/lib/thumb/v7-m/nofp\libg.a(lib_a-malloc.o)
 .debug_frame   0x00000ba8       0x4c c:/progra~2/gnuarm~1/102021~1.10/bin/../lib/gcc/arm-none-eabi/10.3.1/../../../../arm-none-eabi/lib/thumb/v7-m/nofp\libg.a(lib_a-mallocr.o)
 .debug_frame   0x00000bf4       0x2c c:/progra~2/gnuarm~1/102021~1.10/bin/../lib/gcc/arm-none-eabi/10.3.1/../../../../arm-none-eabi/lib/thumb/v7-m/nofp\libg.a(lib_a-memset.o)
 .debug_frame   0x00000c20       0x30 c:/progra~2/gnuarm~1/102021~1.10/bin/../lib/gcc/arm-none-eabi/10.3.1/../../../../arm-none-eabi/lib/thumb/v7-m/nofp\libg.a(lib_a-mlock.o)
 .debug_frame   0x00000c50       0x2c c:/progra~2/gnuarm~1/102021~1.10/bin/../lib/gcc/arm-none-eabi/10.3.1/../../../../arm-none-eabi/lib/thumb/v7-m/nofp\libg.a(lib_a-sbrkr.o)
 .debug_frame   0x00000c7c       0x5c c:/progra~2/gnuarm~1/102021~1.10/bin/../lib/gcc/arm-none-eabi/10.3.1/../../../../arm-none-eabi/lib/thumb/v7-m/nofp\libg.a(lib_a-__call_atexit.o)
 .debug_frame   0x00000cd8       0x20 c:/progra~2/gnuarm~1/102021~1.10/bin/../lib/gcc/arm-none-eabi/10.3.1/../../../../arm-none-eabi/lib/thumb/v7-m/nofp\libg.a(lib_a-atexit.o)
 .debug_frame   0x00000cf8       0x34 c:/progra~2/gnuarm~1/102021~1.10/bin/../lib/gcc/arm-none-eabi/10.3.1/../../../../arm-none-eabi/lib/thumb/v7-m/nofp\libg.a(lib_a-fini.o)
 .debug_frame   0x00000d2c       0x8c c:/progra~2/gnuarm~1/102021~1.10/bin/../lib/gcc/arm-none-eabi/10.3.1/../../../../arm-none-eabi/lib/thumb/v7-m/nofp\libg.a(lib_a-freer.o)
 .debug_frame   0x00000db8       0xb0 c:/progra~2/gnuarm~1/102021~1.10/bin/../lib/gcc/arm-none-eabi/10.3.1/../../../../arm-none-eabi/lib/thumb/v7-m/nofp\libg.a(lib_a-lock.o)
 .debug_frame   0x00000e68       0x64 c:/progra~2/gnuarm~1/102021~1.10/bin/../lib/gcc/arm-none-eabi/10.3.1/../../../../arm-none-eabi/lib/thumb/v7-m/nofp\libg.a(lib_a-reent.o)
 .debug_frame   0x00000ecc       0x34 c:/progra~2/gnuarm~1/102021~1.10/bin/../lib/gcc/arm-none-eabi/10.3.1/../../../../arm-none-eabi/lib/thumb/v7-m/nofp\libg.a(lib_a-__atexit.o)
