Archive member included to satisfy reference by file (symbol)

D:/Project/20230709TTS/TTS_Lib/Core/Bsp/Frame/TTS/TTS_Core.a(system.o)
                              CMakeFiles/TTS_Lib.elf.dir/Core/App/User.c.obj (TTS_TaskInit)
D:/Project/20230709TTS/TTS_Lib/Core/Bsp/Frame/TTS_Ex/TTS_Ex_Pin.a(tts_pin_out.o)
                              CMakeFiles/TTS_Lib.elf.dir/Core/Bsp/Show_Class/bsp_pin.c.obj (TTS_Pin_TaskCreate)
c:/progra~2/gnuarm~1/102021~1.10/bin/../lib/gcc/arm-none-eabi/10.3.1/../../../../arm-none-eabi/lib/thumb/v7-m/nofp\libg.a(lib_a-errno.o)
                              CMakeFiles/TTS_Lib.elf.dir/Core/Src/syscalls.c.obj (__errno)
c:/progra~2/gnuarm~1/102021~1.10/bin/../lib/gcc/arm-none-eabi/10.3.1/../../../../arm-none-eabi/lib/thumb/v7-m/nofp\libg.a(lib_a-exit.o)
                              c:/progra~2/gnuarm~1/102021~1.10/bin/../lib/gcc/arm-none-eabi/10.3.1/../../../../arm-none-eabi/lib/thumb/v7-m/nofp/crt0.o (exit)
c:/progra~2/gnuarm~1/102021~1.10/bin/../lib/gcc/arm-none-eabi/10.3.1/../../../../arm-none-eabi/lib/thumb/v7-m/nofp\libg.a(lib_a-impure.o)
                              c:/progra~2/gnuarm~1/102021~1.10/bin/../lib/gcc/arm-none-eabi/10.3.1/../../../../arm-none-eabi/lib/thumb/v7-m/nofp\libg.a(lib_a-exit.o) (_global_impure_ptr)
c:/progra~2/gnuarm~1/102021~1.10/bin/../lib/gcc/arm-none-eabi/10.3.1/../../../../arm-none-eabi/lib/thumb/v7-m/nofp\libg.a(lib_a-init.o)
                              c:/progra~2/gnuarm~1/102021~1.10/bin/../lib/gcc/arm-none-eabi/10.3.1/../../../../arm-none-eabi/lib/thumb/v7-m/nofp/crt0.o (__libc_init_array)
c:/progra~2/gnuarm~1/102021~1.10/bin/../lib/gcc/arm-none-eabi/10.3.1/../../../../arm-none-eabi/lib/thumb/v7-m/nofp\libg.a(lib_a-malloc.o)
                              D:/Project/20230709TTS/TTS_Lib/Core/Bsp/Frame/TTS/TTS_Core.a(system.o) (malloc)
c:/progra~2/gnuarm~1/102021~1.10/bin/../lib/gcc/arm-none-eabi/10.3.1/../../../../arm-none-eabi/lib/thumb/v7-m/nofp\libg.a(lib_a-mallocr.o)
                              c:/progra~2/gnuarm~1/102021~1.10/bin/../lib/gcc/arm-none-eabi/10.3.1/../../../../arm-none-eabi/lib/thumb/v7-m/nofp\libg.a(lib_a-malloc.o) (_malloc_r)
c:/progra~2/gnuarm~1/102021~1.10/bin/../lib/gcc/arm-none-eabi/10.3.1/../../../../arm-none-eabi/lib/thumb/v7-m/nofp\libg.a(lib_a-memset.o)
                              c:/progra~2/gnuarm~1/102021~1.10/bin/../lib/gcc/arm-none-eabi/10.3.1/../../../../arm-none-eabi/lib/thumb/v7-m/nofp/crt0.o (memset)
c:/progra~2/gnuarm~1/102021~1.10/bin/../lib/gcc/arm-none-eabi/10.3.1/../../../../arm-none-eabi/lib/thumb/v7-m/nofp\libg.a(lib_a-mlock.o)
                              c:/progra~2/gnuarm~1/102021~1.10/bin/../lib/gcc/arm-none-eabi/10.3.1/../../../../arm-none-eabi/lib/thumb/v7-m/nofp\libg.a(lib_a-mallocr.o) (__malloc_lock)
c:/progra~2/gnuarm~1/102021~1.10/bin/../lib/gcc/arm-none-eabi/10.3.1/../../../../arm-none-eabi/lib/thumb/v7-m/nofp\libg.a(lib_a-sbrkr.o)
                              c:/progra~2/gnuarm~1/102021~1.10/bin/../lib/gcc/arm-none-eabi/10.3.1/../../../../arm-none-eabi/lib/thumb/v7-m/nofp\libg.a(lib_a-mallocr.o) (_sbrk_r)
c:/progra~2/gnuarm~1/102021~1.10/bin/../lib/gcc/arm-none-eabi/10.3.1/../../../../arm-none-eabi/lib/thumb/v7-m/nofp\libg.a(lib_a-__call_atexit.o)
                              c:/progra~2/gnuarm~1/102021~1.10/bin/../lib/gcc/arm-none-eabi/10.3.1/../../../../arm-none-eabi/lib/thumb/v7-m/nofp\libg.a(lib_a-exit.o) (__call_exitprocs)
c:/progra~2/gnuarm~1/102021~1.10/bin/../lib/gcc/arm-none-eabi/10.3.1/../../../../arm-none-eabi/lib/thumb/v7-m/nofp\libg.a(lib_a-atexit.o)
                              c:/progra~2/gnuarm~1/102021~1.10/bin/../lib/gcc/arm-none-eabi/10.3.1/../../../../arm-none-eabi/lib/thumb/v7-m/nofp\libg.a(lib_a-__call_atexit.o) (atexit)
c:/progra~2/gnuarm~1/102021~1.10/bin/../lib/gcc/arm-none-eabi/10.3.1/../../../../arm-none-eabi/lib/thumb/v7-m/nofp\libg.a(lib_a-fini.o)
                              c:/progra~2/gnuarm~1/102021~1.10/bin/../lib/gcc/arm-none-eabi/10.3.1/../../../../arm-none-eabi/lib/thumb/v7-m/nofp\libg.a(lib_a-__call_atexit.o) (__libc_fini_array)
c:/progra~2/gnuarm~1/102021~1.10/bin/../lib/gcc/arm-none-eabi/10.3.1/../../../../arm-none-eabi/lib/thumb/v7-m/nofp\libg.a(lib_a-freer.o)
                              c:/progra~2/gnuarm~1/102021~1.10/bin/../lib/gcc/arm-none-eabi/10.3.1/../../../../arm-none-eabi/lib/thumb/v7-m/nofp\libg.a(lib_a-malloc.o) (_free_r)
c:/progra~2/gnuarm~1/102021~1.10/bin/../lib/gcc/arm-none-eabi/10.3.1/../../../../arm-none-eabi/lib/thumb/v7-m/nofp\libg.a(lib_a-lock.o)
                              c:/progra~2/gnuarm~1/102021~1.10/bin/../lib/gcc/arm-none-eabi/10.3.1/../../../../arm-none-eabi/lib/thumb/v7-m/nofp\libg.a(lib_a-mlock.o) (__retarget_lock_acquire_recursive)
c:/progra~2/gnuarm~1/102021~1.10/bin/../lib/gcc/arm-none-eabi/10.3.1/../../../../arm-none-eabi/lib/thumb/v7-m/nofp\libg.a(lib_a-reent.o)
[...]
Memory Configuration

Name             Origin             Length             Attributes
RAM              0x20000000         0x00010000         xrw
FLASH            0x08000000         0x00080000         xr
*default*        0x00000000         0xffffffff

Linker script and memory map

LOAD c:/progra~2/gnuarm~1/102021~1.10/bin/../lib/gcc/arm-none-eabi/10.3.1/thumb/v7-m/nofp/crti.o
LOAD c:/progra~2/gnuarm~1/102021~1.10/bin/../lib/gcc/arm-none-eabi/10.3.1/thumb/v7-m/nofp/crtbegin.o
LOAD c:/progra~2/gnuarm~1/102021~1.10/bin/../lib/gcc/arm-none-eabi/10.3.1/../../../../arm-none-eabi/lib/thumb/v7-m/nofp/crt0.o
LOAD CMakeFiles/TTS_Lib.elf.dir/Core/App/User.c.obj
LOAD CMakeFiles/TTS_Lib.elf.dir/Core/Bsp/Frame/TTS/CPU.c.obj
LOAD CMakeFiles/TTS_Lib.elf.dir/Core/Bsp/Show_Class/bsp_pin.c.obj
LOAD CMakeFiles/TTS_Lib.elf.dir/Core/Src/gpio.c.obj
LOAD CMakeFiles/TTS_Lib.elf.dir/Core/Src/main.c.obj
LOAD CMakeFiles/TTS_Lib.elf.dir/Core/Src/stm32f1xx_hal_msp.c.obj
LOAD CMakeFiles/TTS_Lib.elf.dir/Core/Src/stm32f1xx_it.c.obj
LOAD CMakeFiles/TTS_Lib.elf.dir/Core/Src/syscalls.c.obj
LOAD CMakeFiles/TTS_Lib.elf.dir/Core/Src/sysmem.c.obj
LOAD CMakeFiles/TTS_Lib.elf.dir/Core/Src/system_stm32f1xx.c.obj
LOAD CMakeFiles/TTS_Lib.elf.dir/Core/Startup/startup_stm32f103zetx.s.obj
LOAD CMakeFiles/TTS_Lib.elf.dir/Drivers/STM32F1xx_HAL_Driver/Src/stm32f1xx_hal.c.obj
LOAD CMakeFiles/TTS_Lib.elf.dir/Drivers/STM32F1xx_HAL_Driver/Src/stm32f1xx_hal_cortex.c.obj
LOAD CMakeFiles/TTS_Lib.elf.dir/Drivers/STM32F1xx_HAL_Driver/Src/stm32f1xx_hal_dma.c.obj
LOAD CMakeFiles/TTS_Lib.elf.dir/Drivers/STM32F1xx_HAL_Driver/Src/stm32f1xx_hal_exti.c.obj
LOAD CMakeFiles/TTS_Lib.elf.dir/Drivers/STM32F1xx_HAL_Driver/Src/stm32f1xx_hal_flash.c.obj
LOAD CMakeFiles/TTS_Lib.elf.dir/Drivers/STM32F1xx_HAL_Driver/Src/stm32f1xx_hal_flash_ex.c.obj
LOAD CMakeFiles/TTS_Lib.elf.dir/Drivers/STM32F1xx_HAL_Driver/Src/stm32f1xx_hal_gpio.c.obj
LOAD CMakeFiles/TTS_Lib.elf.dir/Drivers/STM32F1xx_HAL_Driver/Src/stm32f1xx_hal_gpio_ex.c.obj
LOAD CMakeFiles/TTS_Lib.elf.dir/Drivers/STM32F1xx_HAL_Driver/Src/stm32f1xx_hal_pwr.c.obj
LOAD CMakeFiles/TTS_Lib.elf.dir/Drivers/STM32F1xx_HAL_Driver/Src/stm32f1xx_hal_rcc.c.obj
LOAD CMakeFiles/TTS_Lib.elf.dir/Drivers/STM32F1xx_HAL_Driver/Src/stm32f1xx_hal_rcc_ex.c.obj
LOAD CMakeFiles/TTS_Lib.elf.dir/Drivers/STM32F1xx_HAL_Driver/Src/stm32f1xx_hal_tim.c.obj
LOAD CMakeFiles/TTS_Lib.elf.dir/Drivers/STM32F1xx_HAL_Driver/Src/stm32f1xx_hal_tim_ex.c.obj
LOAD D:/Project/20230709TTS/TTS_Lib/Core/Bsp/Frame/TTS/TTS_Core.a
LOAD D:/Project/20230709TTS/TTS_Lib/Core/Bsp/Frame/TTS_Ex/TTS_Ex_Pin.a
START GROUP
LOAD c:/progra~2/gnuarm~1/102021~1.10/bin/../lib/gcc/arm-none-eabi/10.3.1/thumb/v7-m/nofp\libgcc.a
LOAD c:/progra~2/gnuarm~1/102021~1.10/bin/../lib/gcc/arm-none-eabi/10.3.1/../../../../arm-none-eabi/lib/thumb/v7-m/nofp\libg.a
LOAD c:/progra~2/gnuarm~1/102021~1.10/bin/../lib/gcc/arm-none-eabi/10.3.1/../../../../arm-none-eabi/lib/thumb/v7-m/nofp\libc.a
END GROUP
LOAD c:/progra~2/gnuarm~1/102021~1.10/bin/../lib/gcc/arm-none-eabi/10.3.1/thumb/v7-m/nofp/crtend.o
LOAD c:/progra~2/gnuarm~1/102021~1.10/bin/../lib/gcc/arm-none-eabi/10.3.1/thumb/v7-m/nofp/crtn.o
                0x20010000                _estack = (ORIGIN (RAM) + LENGTH (RAM))
                0x00000200                _Min_Heap_Size = 0x200
                0x00000400                _Min_Stack_Size = 0x400

.isr_vector     0x08000000      0x1e4
                0x08000000                . = ALIGN (0x4)
 *(.isr_vector)
 .isr_vector    0x08000000      0x1e4 CMakeFiles/TTS_Lib.elf.dir/Core/Startup/startup_stm32f103zetx.s.obj
                0x08000000                g_pfnVectors
                0x080001e4                . = ALIGN (0x4)

.text           0x080001e4     0x1bdc
                0x080001e4                . = ALIGN (0x4)
 *(.text)
 .text          0x080001e4       0x40 c:/progra~2/gnuarm~1/102021~1.10/bin/../lib/gcc/arm-none-eabi/10.3.1/thumb/v7-m/nofp/crtbegin.o
 .text          0x08000224      0x32c D:/Project/20230709TTS/TTS_Lib/Core/Bsp/Frame/TTS/TTS_Core.a(system.o)
                0x08000224                TTS_TaskInit
                0x08000280                TTS_TaskCreation
                0x080002c0                TSS_SysTickHandler
                0x0800031c                TTS_Start
                0x0800036c                TTS_IdleTaskCreation
                0x080003dc                TTS_CurrentTask_WritePeriod
                0x08000414                TTS_Task_WritePeriod
                0x0800042c                TTS_Task_ReadPeriod
                0x0800043c                TTS_Task_ReadTimer
                0x0800044c                TTS_CurrentTask_ReadPeriod
                0x08000460                TTS_CurrentTask_ReadTimer
                0x08000474                TTS_SetStatus
                0x08000488                TTS_TaskGetUp
                0x080004c4                TTS_TaskGetSleep
                0x08000500                Delay_ms
                0x08000514                CPU_Delay
                0x0800053c                TTS_CPUInterruptCBSRegister
 .text          0x08000550       0xdc D:/Project/20230709TTS/TTS_Lib/Core/Bsp/Frame/TTS_Ex/TTS_Ex_Pin.a(tts_pin_out.o)
                0x08000550                TTS_Pin_TaskCreate
                0x080005b0                TTS_Pin_Init
                0x080005c0                TTS_PinProc
 *(.text*)
 .text.Debug    0x0800062c        0x2 CMakeFiles/TTS_Lib.elf.dir/Core/App/User.c.obj
                0x0800062c                Debug
 *fill*         0x0800062e        0x2 
 .text.User_Create_task
                0x08000630       0x3c CMakeFiles/TTS_Lib.elf.dir/Core/App/User.c.obj
                0x08000630                User_Create_task
 .text.User_Bsp_Init
                0x0800066c       0x14 CMakeFiles/TTS_Lib.elf.dir/Core/App/User.c.obj
                0x0800066c                User_Bsp_Init
 .text.Hal_CoreClockInit
                0x08000680       0x38 CMakeFiles/TTS_Lib.elf.dir/Core/Bsp/Frame/TTS/CPU.c.obj
 .text.hal_getprimask
                0x080006b8        0xc CMakeFiles/TTS_Lib.elf.dir/Core/Bsp/Frame/TTS/CPU.c.obj
 .text.CPU_Critical_Control
                0x080006c4       0x22 CMakeFiles/TTS_Lib.elf.dir/Core/Bsp/Frame/TTS/CPU.c.obj
                0x080006c4                CPU_Critical_Control
 *fill*         0x080006e6        0x2 
 .text.hal_CPUInit
                0x080006e8       0x14 CMakeFiles/TTS_Lib.elf.dir/Core/Bsp/Frame/TTS/CPU.c.obj
                0x080006e8                hal_CPUInit
 .text.HAL_PinStatus
                0x080006fc       0x2c CMakeFiles/TTS_Lib.elf.dir/Core/Bsp/Show_Class/bsp_pin.c.obj
                0x080006fc                HAL_PinStatus
 .text.TTS_PinInit
                0x08000728       0x44 CMakeFiles/TTS_Lib.elf.dir/Core/Bsp/Show_Class/bsp_pin.c.obj
                0x08000728                TTS_PinInit
 .text.MX_GPIO_Init
                0x0800076c       0xb0 CMakeFiles/TTS_Lib.elf.dir/Core/Src/gpio.c.obj
                0x0800076c                MX_GPIO_Init
 .text.Error_Handler
                0x0800081c        0x4 CMakeFiles/TTS_Lib.elf.dir/Core/Src/main.c.obj
                0x0800081c                Error_Handler
 .text.SystemClock_Config
                0x08000820       0x64 CMakeFiles/TTS_Lib.elf.dir/Core/Src/main.c.obj
                0x08000820                SystemClock_Config
 .text.main     0x08000884       0x40 CMakeFiles/TTS_Lib.elf.dir/Core/Src/main.c.obj
                0x08000884                main
 .text.HAL_MspInit
                0x080008c4       0x40 CMakeFiles/TTS_Lib.elf.dir/Core/Src/stm32f1xx_hal_msp.c.obj
                0x080008c4                HAL_MspInit
 .text.NMI_Handler
                0x08000904        0x2 CMakeFiles/TTS_Lib.elf.dir/Core/Src/stm32f1xx_it.c.obj
                0x08000904                NMI_Handler
 .text.HardFault_Handler
                0x08000906        0x2 CMakeFiles/TTS_Lib.elf.dir/Core/Src/stm32f1xx_it.c.obj
                0x08000906                HardFault_Handler
 .text.MemManage_Handler
                0x08000908        0x2 CMakeFiles/TTS_Lib.elf.dir/Core/Src/stm32f1xx_it.c.obj
                0x08000908                MemManage_Handler
 .text.BusFault_Handler
                0x0800090a        0x2 CMakeFiles/TTS_Lib.elf.dir/Core/Src/stm32f1xx_it.c.obj
                0x0800090a                BusFault_Handler
 .text.UsageFault_Handler
                0x0800090c        0x2 CMakeFiles/TTS_Lib.elf.dir/Core/Src/stm32f1xx_it.c.obj
                0x0800090c                UsageFault_Handler
 .text.SVC_Handler
                0x0800090e        0x2 CMakeFiles/TTS_Lib.elf.dir/Core/Src/stm32f1xx_it.c.obj
                0x0800090e                SVC_Handler
 .text.DebugMon_Handler
                0x08000910        0x2 CMakeFiles/TTS_Lib.elf.dir/Core/Src/stm32f1xx_it.c.obj
                0x08000910                DebugMon_Handler
 .text.PendSV_Handler
                0x08000912        0x2 CMakeFiles/TTS_Lib.elf.dir/Core/Src/stm32f1xx_it.c.obj
                0x08000912                PendSV_Handler
 .text.SysTick_Handler
                0x08000914        0xc CMakeFiles/TTS_Lib.elf.dir/Core/Src/stm32f1xx_it.c.obj
                0x08000914                SysTick_Handler
 .text._sbrk    0x08000920       0x48 CMakeFiles/TTS_Lib.elf.dir/Core/Src/sysmem.c.obj
                0x08000920                _sbrk
 .text.SystemInit
                0x08000968        0x2 CMakeFiles/TTS_Lib.elf.dir/Core/Src/system_stm32f1xx.c.obj
                0x08000968                SystemInit
 *fill*         0x0800096a        0x2 
 .text.Reset_Handler
                0x0800096c       0x48 CMakeFiles/TTS_Lib.elf.dir/Core/Startup/startup_stm32f103zetx.s.obj
                0x0800096c                Reset_Handler
 .text.Default_Handler
                0x080009b4        0x2 CMakeFiles/TTS_Lib.elf.dir/Core/Startup/startup_stm32f103zetx.s.obj
                0x080009b4                RTC_Alarm_IRQHandler
                0x080009b4                EXTI2_IRQHandler
                0x080009b4                TIM8_TRG_COM_IRQHandler
                0x080009b4                TIM8_CC_IRQHandler
                0x080009b4                TIM1_CC_IRQHandler
                0x080009b4                TIM6_IRQHandler
                0x080009b4                PVD_IRQHandler
                0x080009b4                SDIO_IRQHandler
                0x080009b4                EXTI3_IRQHandler
                0x080009b4                EXTI0_IRQHandler
                0x080009b4                I2C2_EV_IRQHandler
                0x080009b4                ADC1_2_IRQHandler
                0x080009b4                SPI1_IRQHandler
                0x080009b4                TAMPER_IRQHandler
                0x080009b4                TIM8_UP_IRQHandler
                0x080009b4                DMA2_Channel2_IRQHandler
                0x080009b4                DMA1_Channel4_IRQHandler
                0x080009b4                USART3_IRQHandler
                0x080009b4                RTC_IRQHandler
                0x080009b4                DMA1_Channel7_IRQHandler
                0x080009b4                CAN1_RX1_IRQHandler
                0x080009b4                UART5_IRQHandler
                0x080009b4                ADC3_IRQHandler
                0x080009b4                TIM4_IRQHandler
                0x080009b4                DMA2_Channel1_IRQHandler
                0x080009b4                I2C1_EV_IRQHandler
                0x080009b4                DMA1_Channel6_IRQHandler
                0x080009b4                UART4_IRQHandler
                0x080009b4                TIM3_IRQHandler
                0x080009b4                RCC_IRQHandler
                0x080009b4                TIM1_TRG_COM_IRQHandler
                0x080009b4                DMA1_Channel1_IRQHandler
                0x080009b4                Default_Handler
                0x080009b4                EXTI15_10_IRQHandler
                0x080009b4                TIM7_IRQHandler
                0x080009b4                TIM5_IRQHandler
                0x080009b4                EXTI9_5_IRQHandler
                0x080009b4                SPI2_IRQHandler
                0x080009b4                DMA1_Channel5_IRQHandler
                0x080009b4                EXTI4_IRQHandler
                0x080009b4                USB_LP_CAN1_RX0_IRQHandler
                0x080009b4                USB_HP_CAN1_TX_IRQHandler
                0x080009b4                DMA1_Channel3_IRQHandler
                0x080009b4                FSMC_IRQHandler
                0x080009b4                TIM1_UP_IRQHandler
                0x080009b4                WWDG_IRQHandler
                0x080009b4                TIM2_IRQHandler
                0x080009b4                TIM1_BRK_IRQHandler
                0x080009b4                EXTI1_IRQHandler
                0x080009b4                DMA2_Channel4_5_IRQHandler
                0x080009b4                USART2_IRQHandler
                0x080009b4                I2C2_ER_IRQHandler
                0x080009b4                DMA1_Channel2_IRQHandler
                0x080009b4                TIM8_BRK_IRQHandler
                0x080009b4                CAN1_SCE_IRQHandler
                0x080009b4                FLASH_IRQHandler
                0x080009b4                USART1_IRQHandler
                0x080009b4                SPI3_IRQHandler
                0x080009b4                I2C1_ER_IRQHandler
                0x080009b4                USBWakeUp_IRQHandler
                0x080009b4                DMA2_Channel3_IRQHandler
 *fill*         0x080009b6        0x2 
 .text.HAL_InitTick
                0x080009b8       0x4c CMakeFiles/TTS_Lib.elf.dir/Drivers/STM32F1xx_HAL_Driver/Src/stm32f1xx_hal.c.obj
                0x080009b8                HAL_InitTick
 .text.HAL_Init
                0x08000a04       0x24 CMakeFiles/TTS_Lib.elf.dir/Drivers/STM32F1xx_HAL_Driver/Src/stm32f1xx_hal.c.obj
                0x08000a04                HAL_Init
 .text.HAL_IncTick
                0x08000a28       0x18 CMakeFiles/TTS_Lib.elf.dir/Drivers/STM32F1xx_HAL_Driver/Src/stm32f1xx_hal.c.obj
                0x08000a28                HAL_IncTick
 .text.HAL_GetTick
                0x08000a40        0xc CMakeFiles/TTS_Lib.elf.dir/Drivers/STM32F1xx_HAL_Driver/Src/stm32f1xx_hal.c.obj
                0x08000a40                HAL_GetTick
 .text.HAL_Delay
                0x08000a4c       0x28 CMakeFiles/TTS_Lib.elf.dir/Drivers/STM32F1xx_HAL_Driver/Src/stm32f1xx_hal.c.obj
                0x08000a4c                HAL_Delay
 .text.HAL_NVIC_SetPriorityGrouping
                0x08000a74       0x24 CMakeFiles/TTS_Lib.elf.dir/Drivers/STM32F1xx_HAL_Driver/Src/stm32f1xx_hal_cortex.c.obj
                0x08000a74                HAL_NVIC_SetPriorityGrouping
 .text.HAL_NVIC_SetPriority
                0x08000a98       0x70 CMakeFiles/TTS_Lib.elf.dir/Drivers/STM32F1xx_HAL_Driver/Src/stm32f1xx_hal_cortex.c.obj
                0x08000a98                HAL_NVIC_SetPriority
 .text.HAL_SYSTICK_Config
                0x08000b08       0x28 CMakeFiles/TTS_Lib.elf.dir/Drivers/STM32F1xx_HAL_Driver/Src/stm32f1xx_hal_cortex.c.obj
                0x08000b08                HAL_SYSTICK_Config
 .text.HAL_GPIO_Init
                0x08000b30      0x240 CMakeFiles/TTS_Lib.elf.dir/Drivers/STM32F1xx_HAL_Driver/Src/stm32f1xx_hal_gpio.c.obj
                0x08000b30                HAL_GPIO_Init
 .text.HAL_GPIO_WritePin
                0x08000d70        0xc CMakeFiles/TTS_Lib.elf.dir/Drivers/STM32F1xx_HAL_Driver/Src/stm32f1xx_hal_gpio.c.obj
                0x08000d70                HAL_GPIO_WritePin
 .text.HAL_GPIO_TogglePin
                0x08000d7c       0x12 CMakeFiles/TTS_Lib.elf.dir/Drivers/STM32F1xx_HAL_Driver/Src/stm32f1xx_hal_gpio.c.obj
                0x08000d7c                HAL_GPIO_TogglePin
 *fill*         0x08000d8e        0x2 
 .text.RCC_Delay
                0x08000d90       0x2c CMakeFiles/TTS_Lib.elf.dir/Drivers/STM32F1xx_HAL_Driver/Src/stm32f1xx_hal_rcc.c.obj
 .text.HAL_RCC_OscConfig
                0x08000dbc      0x410 CMakeFiles/TTS_Lib.elf.dir/Drivers/STM32F1xx_HAL_Driver/Src/stm32f1xx_hal_rcc.c.obj
                0x08000dbc                HAL_RCC_OscConfig
 .text.HAL_RCC_GetSysClockFreq
                0x080011cc       0x54 CMakeFiles/TTS_Lib.elf.dir/Drivers/STM32F1xx_HAL_Driver/Src/stm32f1xx_hal_rcc.c.obj
                0x080011cc                HAL_RCC_GetSysClockFreq
 .text.HAL_RCC_ClockConfig
                0x08001220      0x16c CMakeFiles/TTS_Lib.elf.dir/Drivers/STM32F1xx_HAL_Driver/Src/stm32f1xx_hal_rcc.c.obj
                0x08001220                HAL_RCC_ClockConfig
 .text.__errno  0x0800138c        0xc c:/progra~2/gnuarm~1/102021~1.10/bin/../lib/gcc/arm-none-eabi/10.3.1/../../../../arm-none-eabi/lib/thumb/v7-m/nofp\libg.a(lib_a-errno.o)
                0x0800138c                __errno
 .text.__libc_init_array
                0x08001398       0x48 c:/progra~2/gnuarm~1/102021~1.10/bin/../lib/gcc/arm-none-eabi/10.3.1/../../../../arm-none-eabi/lib/thumb/v7-m/nofp\libg.a(lib_a-init.o)
                0x08001398                __libc_init_array
 .text.malloc   0x080013e0       0x10 c:/progra~2/gnuarm~1/102021~1.10/bin/../lib/gcc/arm-none-eabi/10.3.1/../../../../arm-none-eabi/lib/thumb/v7-m/nofp\libg.a(lib_a-malloc.o)
                0x080013e0                malloc
 .text._malloc_r
                0x080013f0      0x558 c:/progra~2/gnuarm~1/102021~1.10/bin/../lib/gcc/arm-none-eabi/10.3.1/../../../../arm-none-eabi/lib/thumb/v7-m/nofp\libg.a(lib_a-mallocr.o)
                0x080013f0                _malloc_r
 .text.memset   0x08001948       0xa4 c:/progra~2/gnuarm~1/102021~1.10/bin/../lib/gcc/arm-none-eabi/10.3.1/../../../../arm-none-eabi/lib/thumb/v7-m/nofp\libg.a(lib_a-memset.o)
                0x08001948                memset
 .text.__malloc_lock
                0x080019ec        0xc c:/progra~2/gnuarm~1/102021~1.10/bin/../lib/gcc/arm-none-eabi/10.3.1/../../../../arm-none-eabi/lib/thumb/v7-m/nofp\libg.a(lib_a-mlock.o)
                0x080019ec                __malloc_lock
 .text.__malloc_unlock
                0x080019f8        0xc c:/progra~2/gnuarm~1/102021~1.10/bin/../lib/gcc/arm-none-eabi/10.3.1/../../../../arm-none-eabi/lib/thumb/v7-m/nofp\libg.a(lib_a-mlock.o)
                0x080019f8                __malloc_unlock
 .text._sbrk_r  0x08001a04       0x24 c:/progra~2/gnuarm~1/102021~1.10/bin/../lib/gcc/arm-none-eabi/10.3.1/../../../../arm-none-eabi/lib/thumb/v7-m/nofp\libg.a(lib_a-sbrkr.o)
                0x08001a04                _sbrk_r
 .text.startup.register_fini
                0x08001a28       0x14 c:/progra~2/gnuarm~1/102021~1.10/bin/../lib/gcc/arm-none-eabi/10.3.1/../../../../arm-none-eabi/lib/thumb/v7-m/nofp\libg.a(lib_a-__call_atexit.o)
 .text.atexit   0x08001a3c        0xc c:/progra~2/gnuarm~1/102021~1.10/bin/../lib/gcc/arm-none-eabi/10.3.1/../../../../arm-none-eabi/lib/thumb/v7-m/nofp\libg.a(lib_a-atexit.o)
                0x08001a3c                atexit
 .text.__libc_fini_array
                0x08001a48       0x2c c:/progra~2/gnuarm~1/102021~1.10/bin/../lib/gcc/arm-none-eabi/10.3.1/../../../../arm-none-eabi/lib/thumb/v7-m/nofp\libg.a(lib_a-fini.o)
                0x08001a48                __libc_fini_array
 .text._malloc_trim_r
                0x08001a74       0xa0 c:/progra~2/gnuarm~1/102021~1.10/bin/../lib/gcc/arm-none-eabi/10.3.1/../../../../arm-none-eabi/lib/thumb/v7-m/nofp\libg.a(lib_a-freer.o)
                0x08001a74                _malloc_trim_r
 .text._free_r  0x08001b14      0x200 c:/progra~2/gnuarm~1/102021~1.10/bin/../lib/gcc/arm-none-eabi/10.3.1/../../../../arm-none-eabi/lib/thumb/v7-m/nofp\libg.a(lib_a-freer.o)
                0x08001b14                _free_r
 .text.__retarget_lock_acquire_recursive
                0x08001d14        0x4 c:/progra~2/gnuarm~1/102021~1.10/bin/../lib/gcc/arm-none-eabi/10.3.1/../../../../arm-none-eabi/lib/thumb/v7-m/nofp\libg.a(lib_a-lock.o)
                0x08001d14                __retarget_lock_acquire_recursive
 .text.__retarget_lock_release_recursive
                0x08001d18        0x4 c:/progra~2/gnuarm~1/102021~1.10/bin/../lib/gcc/arm-none-eabi/10.3.1/../../../../arm-none-eabi/lib/thumb/v7-m/nofp\libg.a(lib_a-lock.o)
                0x08001d18                __retarget_lock_release_recursive
 .text.__register_exitproc
                0x08001d1c       0x8c c:/progra~2/gnuarm~1/102021~1.10/bin/../lib/gcc/arm-none-eabi/10.3.1/../../../../arm-none-eabi/lib/thumb/v7-m/nofp\libg.a(lib_a-__atexit.o)
                0x08001d1c                __register_exitproc
 *(.glue_7)
 .glue_7        0x08001da8        0x0 linker stubs
 *(.glue_7t)
 .glue_7t       0x08001da8        0x0 linker stubs
 *(.eh_frame)
 .eh_frame      0x08001da8        0x0 c:/progra~2/gnuarm~1/102021~1.10/bin/../lib/gcc/arm-none-eabi/10.3.1/thumb/v7-m/nofp/crtbegin.o
 *(.init)
 .init          0x08001da8        0x4 c:/progra~2/gnuarm~1/102021~1.10/bin/../lib/gcc/arm-none-eabi/10.3.1/thumb/v7-m/nofp/crti.o
                0x08001da8                _init
 .init          0x08001dac        0x8 c:/progra~2/gnuarm~1/102021~1.10/bin/../lib/gcc/arm-none-eabi/10.3.1/thumb/v7-m/nofp/crtn.o
 *(.fini)
 .fini          0x08001db4        0x4 c:/progra~2/gnuarm~1/102021~1.10/bin/../lib/gcc/arm-none-eabi/10.3.1/thumb/v7-m/nofp/crti.o
                0x08001db4                _fini
 .fini          0x08001db8        0x8 c:/progra~2/gnuarm~1/102021~1.10/bin/../lib/gcc/arm-none-eabi/10.3.1/thumb/v7-m/nofp/crtn.o
                0x08001dc0                . = ALIGN (0x4)
                0x08001dc0                _etext = .

.vfp11_veneer   0x08001dc0        0x0
 .vfp11_veneer  0x08001dc0        0x0 linker stubs

.v4_bx          0x08001dc0        0x0
 .v4_bx         0x08001dc0        0x0 linker stubs

.iplt           0x08001dc0        0x0
 .iplt          0x08001dc0        0x0 c:/progra~2/gnuarm~1/102021~1.10/bin/../lib/gcc/arm-none-eabi/10.3.1/thumb/v7-m/nofp/crtbegin.o

.rodata         0x08001dc0       0x28
                0x08001dc0                . = ALIGN (0x4)
 *(.rodata)
 *(.rodata*)
 .rodata.AHBPrescTable
                0x08001dc0       0x10 CMakeFiles/TTS_Lib.elf.dir/Core/Src/system_stm32f1xx.c.obj
                0x08001dc0                AHBPrescTable
 .rodata.aPLLMULFactorTable.1
                0x08001dd0       0x10 CMakeFiles/TTS_Lib.elf.dir/Drivers/STM32F1xx_HAL_Driver/Src/stm32f1xx_hal_rcc.c.obj
 .rodata.aPredivFactorTable.0
                0x08001de0        0x2 CMakeFiles/TTS_Lib.elf.dir/Drivers/STM32F1xx_HAL_Driver/Src/stm32f1xx_hal_rcc.c.obj
 *fill*         0x08001de2        0x2 
 .rodata._global_impure_ptr
                0x08001de4        0x4 c:/progra~2/gnuarm~1/102021~1.10/bin/../lib/gcc/arm-none-eabi/10.3.1/../../../../arm-none-eabi/lib/thumb/v7-m/nofp\libg.a(lib_a-impure.o)
                0x08001de4                _global_impure_ptr
                0x08001de8                . = ALIGN (0x4)

.rel.dyn        0x08001de8        0x0
 .rel.iplt      0x08001de8        0x0 c:/progra~2/gnuarm~1/102021~1.10/bin/../lib/gcc/arm-none-eabi/10.3.1/thumb/v7-m/nofp/crtbegin.o

.ARM.extab      0x08001de8        0x0
                0x08001de8                . = ALIGN (0x4)
 *(.ARM.extab* .gnu.linkonce.armextab.*)
                0x08001de8                . = ALIGN (0x4)

.ARM            0x08001de8        0x0
                0x08001de8                . = ALIGN (0x4)
                0x08001de8                __exidx_start = .
 *(.ARM.exidx*)
                0x08001de8                __exidx_end = .
                0x08001de8                . = ALIGN (0x4)

.preinit_array  0x08001de8        0x0
                0x08001de8                . = ALIGN (0x4)
                0x08001de8                PROVIDE (__preinit_array_start = .)
 *(.preinit_array*)
                0x08001de8                PROVIDE (__preinit_array_end = .)
                0x08001de8                . = ALIGN (0x4)

.init_array     0x08001de8        0x8
                0x08001de8                . = ALIGN (0x4)
                0x08001de8                PROVIDE (__init_array_start = .)
 *(SORT_BY_NAME(.init_array.*))
 .init_array.00000
                0x08001de8        0x4 c:/progra~2/gnuarm~1/102021~1.10/bin/../lib/gcc/arm-none-eabi/10.3.1/../../../../arm-none-eabi/lib/thumb/v7-m/nofp\libg.a(lib_a-__call_atexit.o)
 *(.init_array*)
 .init_array    0x08001dec        0x4 c:/progra~2/gnuarm~1/102021~1.10/bin/../lib/gcc/arm-none-eabi/10.3.1/thumb/v7-m/nofp/crtbegin.o
                0x08001df0                PROVIDE (__init_array_end = .)
                0x08001df0                . = ALIGN (0x4)

.fini_array     0x08001df0        0x4
                0x08001df0                . = ALIGN (0x4)
                0x08001df0                PROVIDE (__fini_array_start = .)
 *(SORT_BY_NAME(.fini_array.*))
 *(.fini_array*)
 .fini_array    0x08001df0        0x4 c:/progra~2/gnuarm~1/102021~1.10/bin/../lib/gcc/arm-none-eabi/10.3.1/thumb/v7-m/nofp/crtbegin.o
                0x08001df4                PROVIDE (__fini_array_end = .)
                0x08001df4                . = ALIGN (0x4)
                0x08001df4                _sidata = LOADADDR (.data)

.data           0x20000000      0x85c load address 0x08001df4
                0x20000000                . = ALIGN (0x4)
                0x20000000                _sdata = .
 *(.data)
 *(.data*)
 .data.Led_Blink1
                0x20000000        0x4 CMakeFiles/TTS_Lib.elf.dir/Core/Bsp/Show_Class/bsp_pin.c.obj
                0x20000000                Led_Blink1
 .data.Led_Blink2
                0x20000004        0x8 CMakeFiles/TTS_Lib.elf.dir/Core/Bsp/Show_Class/bsp_pin.c.obj
                0x20000004                Led_Blink2
 .data.SystemCoreClock
                0x2000000c        0x4 CMakeFiles/TTS_Lib.elf.dir/Core/Src/system_stm32f1xx.c.obj
                0x2000000c                SystemCoreClock
 .data.uwTickFreq
                0x20000010        0x1 CMakeFiles/TTS_Lib.elf.dir/Drivers/STM32F1xx_HAL_Driver/Src/stm32f1xx_hal.c.obj
                0x20000010                uwTickFreq
 *fill*         0x20000011        0x3 
 .data.uwTickPrio
                0x20000014        0x4 CMakeFiles/TTS_Lib.elf.dir/Drivers/STM32F1xx_HAL_Driver/Src/stm32f1xx_hal.c.obj
                0x20000014                uwTickPrio
 .data._impure_ptr
                0x20000018        0x4 c:/progra~2/gnuarm~1/102021~1.10/bin/../lib/gcc/arm-none-eabi/10.3.1/../../../../arm-none-eabi/lib/thumb/v7-m/nofp\libg.a(lib_a-impure.o)
                0x20000018                _impure_ptr
 *fill*         0x2000001c        0x4 
 .data.impure_data
                0x20000020      0x428 c:/progra~2/gnuarm~1/102021~1.10/bin/../lib/gcc/arm-none-eabi/10.3.1/../../../../arm-none-eabi/lib/thumb/v7-m/nofp\libg.a(lib_a-impure.o)
 .data.__malloc_av_
                0x20000448      0x408 c:/progra~2/gnuarm~1/102021~1.10/bin/../lib/gcc/arm-none-eabi/10.3.1/../../../../arm-none-eabi/lib/thumb/v7-m/nofp\libg.a(lib_a-mallocr.o)
                0x20000448                __malloc_av_
 .data.__malloc_sbrk_base
                0x20000850        0x4 c:/progra~2/gnuarm~1/102021~1.10/bin/../lib/gcc/arm-none-eabi/10.3.1/../../../../arm-none-eabi/lib/thumb/v7-m/nofp\libg.a(lib_a-mallocr.o)
                0x20000850                __malloc_sbrk_base
 .data.__malloc_trim_threshold
                0x20000854        0x4 c:/progra~2/gnuarm~1/102021~1.10/bin/../lib/gcc/arm-none-eabi/10.3.1/../../../../arm-none-eabi/lib/thumb/v7-m/nofp\libg.a(lib_a-mallocr.o)
                0x20000854                __malloc_trim_threshold
 .data.__atexit_recursive_mutex
                0x20000858        0x4 c:/progra~2/gnuarm~1/102021~1.10/bin/../lib/gcc/arm-none-eabi/10.3.1/../../../../arm-none-eabi/lib/thumb/v7-m/nofp\libg.a(lib_a-__call_atexit.o)
                0x20000858                __atexit_recursive_mutex
 *(.RamFunc)
 *(.RamFunc*)
                0x2000085c                . = ALIGN (0x4)
                0x2000085c                _edata = .

.igot.plt       0x2000085c        0x0 load address 0x08002650
 .igot.plt      0x2000085c        0x0 c:/progra~2/gnuarm~1/102021~1.10/bin/../lib/gcc/arm-none-eabi/10.3.1/thumb/v7-m/nofp/crtbegin.o
                0x2000085c                . = ALIGN (0x4)

.bss            0x2000085c       0x9c load address 0x08002650
                0x2000085c                _sbss = .
                0x2000085c                __bss_start__ = _sbss
 *(.bss)
 .bss           0x2000085c       0x1c c:/progra~2/gnuarm~1/102021~1.10/bin/../lib/gcc/arm-none-eabi/10.3.1/thumb/v7-m/nofp/crtbegin.o
 .bss           0x20000878       0x14 D:/Project/20230709TTS/TTS_Lib/Core/Bsp/Frame/TTS/TTS_Core.a(system.o)
                0x20000888                CPUInterrupt
 .bss           0x2000088c        0xc D:/Project/20230709TTS/TTS_Lib/Core/Bsp/Frame/TTS_Ex/TTS_Ex_Pin.a(tts_pin_out.o)
 *(.bss*)
 .bss.User_Pin  0x20000898       0x18 CMakeFiles/TTS_Lib.elf.dir/Core/Bsp/Show_Class/bsp_pin.c.obj
 .bss.__sbrk_heap_end
                0x200008b0        0x4 CMakeFiles/TTS_Lib.elf.dir/Core/Src/sysmem.c.obj
 .bss.uwTick    0x200008b4        0x4 CMakeFiles/TTS_Lib.elf.dir/Drivers/STM32F1xx_HAL_Driver/Src/stm32f1xx_hal.c.obj
                0x200008b4                uwTick
 .bss.__malloc_current_mallinfo
                0x200008b8       0x28 c:/progra~2/gnuarm~1/102021~1.10/bin/../lib/gcc/arm-none-eabi/10.3.1/../../../../arm-none-eabi/lib/thumb/v7-m/nofp\libg.a(lib_a-mallocr.o)
                0x200008b8                __malloc_current_mallinfo
 .bss.__malloc_max_sbrked_mem
                0x200008e0        0x4 c:/progra~2/gnuarm~1/102021~1.10/bin/../lib/gcc/arm-none-eabi/10.3.1/../../../../arm-none-eabi/lib/thumb/v7-m/nofp\libg.a(lib_a-mallocr.o)
                0x200008e0                __malloc_max_sbrked_mem
 .bss.__malloc_max_total_mem
                0x200008e4        0x4 c:/progra~2/gnuarm~1/102021~1.10/bin/../lib/gcc/arm-none-eabi/10.3.1/../../../../arm-none-eabi/lib/thumb/v7-m/nofp\libg.a(lib_a-mallocr.o)
                0x200008e4                __malloc_max_total_mem
 .bss.__malloc_top_pad
                0x200008e8        0x4 c:/progra~2/gnuarm~1/102021~1.10/bin/../lib/gcc/arm-none-eabi/10.3.1/../../../../arm-none-eabi/lib/thumb/v7-m/nofp\libg.a(lib_a-mallocr.o)
                0x200008e8                __malloc_top_pad
 .bss.__lock___atexit_recursive_mutex
                0x200008ec        0x1 c:/progra~2/gnuarm~1/102021~1.10/bin/../lib/gcc/arm-none-eabi/10.3.1/../../../../arm-none-eabi/lib/thumb/v7-m/nofp\libg.a(lib_a-lock.o)
                0x200008ec                __lock___atexit_recursive_mutex
 *fill*         0x200008ed        0x3 
 .bss.__lock___malloc_recursive_mutex
                0x200008f0        0x1 c:/progra~2/gnuarm~1/102021~1.10/bin/../lib/gcc/arm-none-eabi/10.3.1/../../../../arm-none-eabi/lib/thumb/v7-m/nofp\libg.a(lib_a-lock.o)
                0x200008f0                __lock___malloc_recursive_mutex
 *fill*         0x200008f1        0x3 
 .bss.errno     0x200008f4        0x4 c:/progra~2/gnuarm~1/102021~1.10/bin/../lib/gcc/arm-none-eabi/10.3.1/../../../../arm-none-eabi/lib/thumb/v7-m/nofp\libg.a(lib_a-reent.o)
                0x200008f4                errno
 *(COMMON)
                0x200008f8                . = ALIGN (0x4)
                0x200008f8                _ebss = .
                0x200008f8                __bss_end__ = _ebss

._user_heap_stack
                0x200008f8      0x600 load address 0x08002650
                0x200008f8                . = ALIGN (0x8)
                [!provide]                PROVIDE (end = .)
                0x200008f8                PROVIDE (_end = .)
                0x20000af8                . = (. + _Min_Heap_Size)
 *fill*         0x200008f8      0x200 
                0x20000ef8                . = (. + _Min_Stack_Size)
 *fill*         0x20000af8      0x400 
                0x20000ef8                . = ALIGN (0x8)

/DISCARD/
 libc.a(*)
 libm.a(*)
 libgcc.a(*)

.ARM.attributes
                0x00000000       0x29
 *(.ARM.attributes)
 .ARM.attributes
                0x00000000       0x1d c:/progra~2/gnuarm~1/102021~1.10/bin/../lib/gcc/arm-none-eabi/10.3.1/thumb/v7-m/nofp/crti.o
 .ARM.attributes
                0x0000001d       0x2d c:/progra~2/gnuarm~1/102021~1.10/bin/../lib/gcc/arm-none-eabi/10.3.1/thumb/v7-m/nofp/crtbegin.o
 .ARM.attributes
                0x0000004a       0x2d CMakeFiles/TTS_Lib.elf.dir/Core/App/User.c.obj
 .ARM.attributes
                0x00000077       0x2d CMakeFiles/TTS_Lib.elf.dir/Core/Bsp/Frame/TTS/CPU.c.obj
 .ARM.attributes
                0x000000a4       0x2d CMakeFiles/TTS_Lib.elf.dir/Core/Bsp/Show_Class/bsp_pin.c.obj
 .ARM.attributes
                0x000000d1       0x2d CMakeFiles/TTS_Lib.elf.dir/Core/Src/gpio.c.obj
 .ARM.attributes
                0x000000fe       0x2d CMakeFiles/TTS_Lib.elf.dir/Core/Src/main.c.obj
 .ARM.attributes
                0x0000012b       0x2d CMakeFiles/TTS_Lib.elf.dir/Core/Src/stm32f1xx_hal_msp.c.obj
 .ARM.attributes
                0x00000158       0x2d CMakeFiles/TTS_Lib.elf.dir/Core/Src/stm32f1xx_it.c.obj
 .ARM.attributes
                0x00000185       0x2d CMakeFiles/TTS_Lib.elf.dir/Core/Src/sysmem.c.obj
 .ARM.attributes
                0x000001b2       0x2d CMakeFiles/TTS_Lib.elf.dir/Core/Src/system_stm32f1xx.c.obj
 .ARM.attributes
                0x000001df       0x21 CMakeFiles/TTS_Lib.elf.dir/Core/Startup/startup_stm32f103zetx.s.obj
 .ARM.attributes
                0x00000200       0x2d CMakeFiles/TTS_Lib.elf.dir/Drivers/STM32F1xx_HAL_Driver/Src/stm32f1xx_hal.c.obj
 .ARM.attributes
                0x0000022d       0x2d CMakeFiles/TTS_Lib.elf.dir/Drivers/STM32F1xx_HAL_Driver/Src/stm32f1xx_hal_cortex.c.obj
 .ARM.attributes
                0x0000025a       0x2d CMakeFiles/TTS_Lib.elf.dir/Drivers/STM32F1xx_HAL_Driver/Src/stm32f1xx_hal_gpio.c.obj
 .ARM.attributes
                0x00000287       0x2d CMakeFiles/TTS_Lib.elf.dir/Drivers/STM32F1xx_HAL_Driver/Src/stm32f1xx_hal_rcc.c.obj
 .ARM.attributes
                0x000002b4       0x2d D:/Project/20230709TTS/TTS_Lib/Core/Bsp/Frame/TTS/TTS_Core.a(system.o)
 .ARM.attributes
                0x000002e1       0x2d D:/Project/20230709TTS/TTS_Lib/Core/Bsp/Frame/TTS_Ex/TTS_Ex_Pin.a(tts_pin_out.o)
 .ARM.attributes
                0x0000030e       0x2d c:/progra~2/gnuarm~1/102021~1.10/bin/../lib/gcc/arm-none-eabi/10.3.1/../../../../arm-none-eabi/lib/thumb/v7-m/nofp\libg.a(lib_a-errno.o)
 .ARM.attributes
                0x0000033b       0x2d c:/progra~2/gnuarm~1/102021~1.10/bin/../lib/gcc/arm-none-eabi/10.3.1/../../../../arm-none-eabi/lib/thumb/v7-m/nofp\libg.a(lib_a-impure.o)
 .ARM.attributes
                0x00000368       0x2d c:/progra~2/gnuarm~1/102021~1.10/bin/../lib/gcc/arm-none-eabi/10.3.1/../../../../arm-none-eabi/lib/thumb/v7-m/nofp\libg.a(lib_a-init.o)
 .ARM.attributes
                0x00000395       0x2d c:/progra~2/gnuarm~1/102021~1.10/bin/../lib/gcc/arm-none-eabi/10.3.1/../../../../arm-none-eabi/lib/thumb/v7-m/nofp\libg.a(lib_a-malloc.o)
 .ARM.attributes
                0x000003c2       0x2d c:/progra~2/gnuarm~1/102021~1.10/bin/../lib/gcc/arm-none-eabi/10.3.1/../../../../arm-none-eabi/lib/thumb/v7-m/nofp\libg.a(lib_a-mallocr.o)
 .ARM.attributes
                0x000003ef       0x2d c:/progra~2/gnuarm~1/102021~1.10/bin/../lib/gcc/arm-none-eabi/10.3.1/../../../../arm-none-eabi/lib/thumb/v7-m/nofp\libg.a(lib_a-memset.o)
 .ARM.attributes
                0x0000041c       0x2d c:/progra~2/gnuarm~1/102021~1.10/bin/../lib/gcc/arm-none-eabi/10.3.1/../../../../arm-none-eabi/lib/thumb/v7-m/nofp\libg.a(lib_a-mlock.o)
 .ARM.attributes
                0x00000449       0x2d c:/progra~2/gnuarm~1/102021~1.10/bin/../lib/gcc/arm-none-eabi/10.3.1/../../../../arm-none-eabi/lib/thumb/v7-m/nofp\libg.a(lib_a-sbrkr.o)
 .ARM.attributes
                0x00000476       0x2d c:/progra~2/gnuarm~1/102021~1.10/bin/../lib/gcc/arm-none-eabi/10.3.1/../../../../arm-none-eabi/lib/thumb/v7-m/nofp\libg.a(lib_a-__call_atexit.o)
 .ARM.attributes
                0x000004a3       0x2d c:/progra~2/gnuarm~1/102021~1.10/bin/../lib/gcc/arm-none-eabi/10.3.1/../../../../arm-none-eabi/lib/thumb/v7-m/nofp\libg.a(lib_a-atexit.o)
 .ARM.attributes
                0x000004d0       0x2d c:/progra~2/gnuarm~1/102021~1.10/bin/../lib/gcc/arm-none-eabi/10.3.1/../../../../arm-none-eabi/lib/thumb/v7-m/nofp\libg.a(lib_a-fini.o)
 .ARM.attributes
                0x000004fd       0x2d c:/progra~2/gnuarm~1/102021~1.10/bin/../lib/gcc/arm-none-eabi/10.3.1/../../../../arm-none-eabi/lib/thumb/v7-m/nofp\libg.a(lib_a-freer.o)
 .ARM.attributes
                0x0000052a       0x2d c:/progra~2/gnuarm~1/102021~1.10/bin/../lib/gcc/arm-none-eabi/10.3.1/../../../../arm-none-eabi/lib/thumb/v7-m/nofp\libg.a(lib_a-lock.o)
 .ARM.attributes
                0x00000557       0x2d c:/progra~2/gnuarm~1/102021~1.10/bin/../lib/gcc/arm-none-eabi/10.3.1/../../../../arm-none-eabi/lib/thumb/v7-m/nofp\libg.a(lib_a-reent.o)
 .ARM.attributes
                0x00000584       0x2d c:/progra~2/gnuarm~1/102021~1.10/bin/../lib/gcc/arm-none-eabi/10.3.1/../../../../arm-none-eabi/lib/thumb/v7-m/nofp\libg.a(lib_a-__atexit.o)
 .ARM.attributes
                0x000005b1       0x1d c:/progra~2/gnuarm~1/102021~1.10/bin/../lib/gcc/arm-none-eabi/10.3.1/thumb/v7-m/nofp/crtn.o
OUTPUT(TTS_Lib.elf elf32-littlearm)
LOAD linker stubs
LOAD c:/progra~2/gnuarm~1/102021~1.10/bin/../lib/gcc/arm-none-eabi/10.3.1/../../../../arm-none-eabi/lib/thumb/v7-m/nofp\libc.a
LOAD c:/progra~2/gnuarm~1/102021~1.10/bin/../lib/gcc/arm-none-eabi/10.3.1/../../../../arm-none-eabi/lib/thumb/v7-m/nofp\libm.a
LOAD c:/progra~2/gnuarm~1/102021~1.10/bin/../lib/gcc/arm-none-eabi/10.3.1/thumb/v7-m/nofp\libgcc.a

.debug_info     0x00000000     0x4be6
 .debug_info    0x00000000      0x1ba CMakeFiles/TTS_Lib.elf.dir/Core/App/User.c.obj
 .debug_info    0x000001ba      0x8f7 CMakeFiles/TTS_Lib.elf.dir/Core/Bsp/Frame/TTS/CPU.c.obj
 .debug_info    0x00000ab1      0x382 CMakeFiles/TTS_Lib.elf.dir/Core/Bsp/Show_Class/bsp_pin.c.obj
 .debug_info    0x00000e33      0x34a CMakeFiles/TTS_Lib.elf.dir/Core/Src/gpio.c.obj
 .debug_info    0x0000117d      0x451 CMakeFiles/TTS_Lib.elf.dir/Core/Src/main.c.obj
 .debug_info    0x000015ce      0x211 CMakeFiles/TTS_Lib.elf.dir/Core/Src/stm32f1xx_hal_msp.c.obj
 .debug_info    0x000017df      0x145 CMakeFiles/TTS_Lib.elf.dir/Core/Src/stm32f1xx_it.c.obj
 .debug_info    0x00001924      0x174 CMakeFiles/TTS_Lib.elf.dir/Core/Src/sysmem.c.obj
 .debug_info    0x00001a98      0x248 CMakeFiles/TTS_Lib.elf.dir/Core/Src/system_stm32f1xx.c.obj
 .debug_info    0x00001ce0       0x22 CMakeFiles/TTS_Lib.elf.dir/Core/Startup/startup_stm32f103zetx.s.obj
 .debug_info    0x00001d02      0x80e CMakeFiles/TTS_Lib.elf.dir/Drivers/STM32F1xx_HAL_Driver/Src/stm32f1xx_hal.c.obj
 .debug_info    0x00002510      0xdf0 CMakeFiles/TTS_Lib.elf.dir/Drivers/STM32F1xx_HAL_Driver/Src/stm32f1xx_hal_cortex.c.obj
 .debug_info    0x00003300      0x66f CMakeFiles/TTS_Lib.elf.dir/Drivers/STM32F1xx_HAL_Driver/Src/stm32f1xx_hal_gpio.c.obj
 .debug_info    0x0000396f      0xa3b CMakeFiles/TTS_Lib.elf.dir/Drivers/STM32F1xx_HAL_Driver/Src/stm32f1xx_hal_rcc.c.obj
 .debug_info    0x000043aa      0x640 D:/Project/20230709TTS/TTS_Lib/Core/Bsp/Frame/TTS/TTS_Core.a(system.o)
 .debug_info    0x000049ea      0x1fc D:/Project/20230709TTS/TTS_Lib/Core/Bsp/Frame/TTS_Ex/TTS_Ex_Pin.a(tts_pin_out.o)

.debug_abbrev   0x00000000     0x1844
 .debug_abbrev  0x00000000       0xc6 CMakeFiles/TTS_Lib.elf.dir/Core/App/User.c.obj
 .debug_abbrev  0x000000c6      0x288 CMakeFiles/TTS_Lib.elf.dir/Core/Bsp/Frame/TTS/CPU.c.obj
 .debug_abbrev  0x0000034e      0x18e CMakeFiles/TTS_Lib.elf.dir/Core/Bsp/Show_Class/bsp_pin.c.obj
 .debug_abbrev  0x000004dc      0x13c CMakeFiles/TTS_Lib.elf.dir/Core/Src/gpio.c.obj
 .debug_abbrev  0x00000618      0x1a5 CMakeFiles/TTS_Lib.elf.dir/Core/Src/main.c.obj
 .debug_abbrev  0x000007bd       0xe5 CMakeFiles/TTS_Lib.elf.dir/Core/Src/stm32f1xx_hal_msp.c.obj
 .debug_abbrev  0x000008a2       0x91 CMakeFiles/TTS_Lib.elf.dir/Core/Src/stm32f1xx_it.c.obj
 .debug_abbrev  0x00000933       0xe7 CMakeFiles/TTS_Lib.elf.dir/Core/Src/sysmem.c.obj
 .debug_abbrev  0x00000a1a      0x13e CMakeFiles/TTS_Lib.elf.dir/Core/Src/system_stm32f1xx.c.obj
 .debug_abbrev  0x00000b58       0x12 CMakeFiles/TTS_Lib.elf.dir/Core/Startup/startup_stm32f103zetx.s.obj
 .debug_abbrev  0x00000b6a      0x1f4 CMakeFiles/TTS_Lib.elf.dir/Drivers/STM32F1xx_HAL_Driver/Src/stm32f1xx_hal.c.obj
 .debug_abbrev  0x00000d5e      0x341 CMakeFiles/TTS_Lib.elf.dir/Drivers/STM32F1xx_HAL_Driver/Src/stm32f1xx_hal_cortex.c.obj
 .debug_abbrev  0x0000109f      0x1e6 CMakeFiles/TTS_Lib.elf.dir/Drivers/STM32F1xx_HAL_Driver/Src/stm32f1xx_hal_gpio.c.obj
 .debug_abbrev  0x00001285      0x27a CMakeFiles/TTS_Lib.elf.dir/Drivers/STM32F1xx_HAL_Driver/Src/stm32f1xx_hal_rcc.c.obj
 .debug_abbrev  0x000014ff      0x20a D:/Project/20230709TTS/TTS_Lib/Core/Bsp/Frame/TTS/TTS_Core.a(system.o)
 .debug_abbrev  0x00001709      0x13b D:/Project/20230709TTS/TTS_Lib/Core/Bsp/Frame/TTS_Ex/TTS_Ex_Pin.a(tts_pin_out.o)

.debug_aranges  0x00000000      0x478
 .debug_aranges
                0x00000000       0x30 CMakeFiles/TTS_Lib.elf.dir/Core/App/User.c.obj
 .debug_aranges
                0x00000030       0x48 CMakeFiles/TTS_Lib.elf.dir/Core/Bsp/Frame/TTS/CPU.c.obj
 .debug_aranges
                0x00000078       0x28 CMakeFiles/TTS_Lib.elf.dir/Core/Bsp/Show_Class/bsp_pin.c.obj
 .debug_aranges
                0x000000a0       0x20 CMakeFiles/TTS_Lib.elf.dir/Core/Src/gpio.c.obj
 .debug_aranges
                0x000000c0       0x30 CMakeFiles/TTS_Lib.elf.dir/Core/Src/main.c.obj
 .debug_aranges
                0x000000f0       0x20 CMakeFiles/TTS_Lib.elf.dir/Core/Src/stm32f1xx_hal_msp.c.obj
 .debug_aranges
                0x00000110       0x60 CMakeFiles/TTS_Lib.elf.dir/Core/Src/stm32f1xx_it.c.obj
 .debug_aranges
                0x00000170       0x20 CMakeFiles/TTS_Lib.elf.dir/Core/Src/sysmem.c.obj
 .debug_aranges
                0x00000190       0x28 CMakeFiles/TTS_Lib.elf.dir/Core/Src/system_stm32f1xx.c.obj
 .debug_aranges
                0x000001b8       0x28 CMakeFiles/TTS_Lib.elf.dir/Core/Startup/startup_stm32f103zetx.s.obj
 .debug_aranges
                0x000001e0       0xe0 CMakeFiles/TTS_Lib.elf.dir/Drivers/STM32F1xx_HAL_Driver/Src/stm32f1xx_hal.c.obj
 .debug_aranges
                0x000002c0       0x90 CMakeFiles/TTS_Lib.elf.dir/Drivers/STM32F1xx_HAL_Driver/Src/stm32f1xx_hal_cortex.c.obj
 .debug_aranges
                0x00000350       0x58 CMakeFiles/TTS_Lib.elf.dir/Drivers/STM32F1xx_HAL_Driver/Src/stm32f1xx_hal_gpio.c.obj
 .debug_aranges
                0x000003a8       0x90 CMakeFiles/TTS_Lib.elf.dir/Drivers/STM32F1xx_HAL_Driver/Src/stm32f1xx_hal_rcc.c.obj
 .debug_aranges
                0x00000438       0x20 D:/Project/20230709TTS/TTS_Lib/Core/Bsp/Frame/TTS/TTS_Core.a(system.o)
 .debug_aranges
                0x00000458       0x20 D:/Project/20230709TTS/TTS_Lib/Core/Bsp/Frame/TTS_Ex/TTS_Ex_Pin.a(tts_pin_out.o)

.debug_ranges   0x00000000      0x3e0
 .debug_ranges  0x00000000       0x20 CMakeFiles/TTS_Lib.elf.dir/Core/App/User.c.obj
 .debug_ranges  0x00000020       0x38 CMakeFiles/TTS_Lib.elf.dir/Core/Bsp/Frame/TTS/CPU.c.obj
 .debug_ranges  0x00000058       0x18 CMakeFiles/TTS_Lib.elf.dir/Core/Bsp/Show_Class/bsp_pin.c.obj
 .debug_ranges  0x00000070       0x10 CMakeFiles/TTS_Lib.elf.dir/Core/Src/gpio.c.obj
 .debug_ranges  0x00000080       0x20 CMakeFiles/TTS_Lib.elf.dir/Core/Src/main.c.obj
 .debug_ranges  0x000000a0       0x10 CMakeFiles/TTS_Lib.elf.dir/Core/Src/stm32f1xx_hal_msp.c.obj
 .debug_ranges  0x000000b0       0x50 CMakeFiles/TTS_Lib.elf.dir/Core/Src/stm32f1xx_it.c.obj
 .debug_ranges  0x00000100       0x10 CMakeFiles/TTS_Lib.elf.dir/Core/Src/sysmem.c.obj
 .debug_ranges  0x00000110       0x18 CMakeFiles/TTS_Lib.elf.dir/Core/Src/system_stm32f1xx.c.obj
 .debug_ranges  0x00000128       0x20 CMakeFiles/TTS_Lib.elf.dir/Core/Startup/startup_stm32f103zetx.s.obj
 .debug_ranges  0x00000148       0xd0 CMakeFiles/TTS_Lib.elf.dir/Drivers/STM32F1xx_HAL_Driver/Src/stm32f1xx_hal.c.obj
 .debug_ranges  0x00000218       0xe0 CMakeFiles/TTS_Lib.elf.dir/Drivers/STM32F1xx_HAL_Driver/Src/stm32f1xx_hal_cortex.c.obj
 .debug_ranges  0x000002f8       0x48 CMakeFiles/TTS_Lib.elf.dir/Drivers/STM32F1xx_HAL_Driver/Src/stm32f1xx_hal_gpio.c.obj
 .debug_ranges  0x00000340       0xa0 CMakeFiles/TTS_Lib.elf.dir/Drivers/STM32F1xx_HAL_Driver/Src/stm32f1xx_hal_rcc.c.obj

.debug_line     0x00000000     0x3c27
 .debug_line    0x00000000      0x1b6 CMakeFiles/TTS_Lib.elf.dir/Core/App/User.c.obj
 .debug_line    0x000001b6      0x3e4 CMakeFiles/TTS_Lib.elf.dir/Core/Bsp/Frame/TTS/CPU.c.obj
 .debug_line    0x0000059a      0x284 CMakeFiles/TTS_Lib.elf.dir/Core/Bsp/Show_Class/bsp_pin.c.obj
 .debug_line    0x0000081e      0x217 CMakeFiles/TTS_Lib.elf.dir/Core/Src/gpio.c.obj
 .debug_line    0x00000a35      0x402 CMakeFiles/TTS_Lib.elf.dir/Core/Src/main.c.obj
 .debug_line    0x00000e37      0x17a CMakeFiles/TTS_Lib.elf.dir/Core/Src/stm32f1xx_hal_msp.c.obj
 .debug_line    0x00000fb1      0x1f6 CMakeFiles/TTS_Lib.elf.dir/Core/Src/stm32f1xx_it.c.obj
 .debug_line    0x000011a7      0x1ab CMakeFiles/TTS_Lib.elf.dir/Core/Src/sysmem.c.obj
 .debug_line    0x00001352      0x244 CMakeFiles/TTS_Lib.elf.dir/Core/Src/system_stm32f1xx.c.obj
 .debug_line    0x00001596       0xa3 CMakeFiles/TTS_Lib.elf.dir/Core/Startup/startup_stm32f103zetx.s.obj
 .debug_line    0x00001639      0x56a CMakeFiles/TTS_Lib.elf.dir/Drivers/STM32F1xx_HAL_Driver/Src/stm32f1xx_hal.c.obj
 .debug_line    0x00001ba3      0x656 CMakeFiles/TTS_Lib.elf.dir/Drivers/STM32F1xx_HAL_Driver/Src/stm32f1xx_hal_cortex.c.obj
 .debug_line    0x000021f9      0x612 CMakeFiles/TTS_Lib.elf.dir/Drivers/STM32F1xx_HAL_Driver/Src/stm32f1xx_hal_gpio.c.obj
 .debug_line    0x0000280b      0xc3b CMakeFiles/TTS_Lib.elf.dir/Drivers/STM32F1xx_HAL_Driver/Src/stm32f1xx_hal_rcc.c.obj
 .debug_line    0x00003446      0x632 D:/Project/20230709TTS/TTS_Lib/Core/Bsp/Frame/TTS/TTS_Core.a(system.o)
 .debug_line    0x00003a78      0x1af D:/Project/20230709TTS/TTS_Lib/Core/Bsp/Frame/TTS_Ex/TTS_Ex_Pin.a(tts_pin_out.o)

.debug_str      0x00000000     0x1ae0
 .debug_str     0x00000000      0x225 CMakeFiles/TTS_Lib.elf.dir/Core/App/User.c.obj
                                0x259 (size before relaxing)
 .debug_str     0x00000225      0x619 CMakeFiles/TTS_Lib.elf.dir/Core/Bsp/Frame/TTS/CPU.c.obj
                                0x7c5 (size before relaxing)
 .debug_str     0x0000083e      0x121 CMakeFiles/TTS_Lib.elf.dir/Core/Bsp/Show_Class/bsp_pin.c.obj
                                0x2e4 (size before relaxing)
 .debug_str     0x0000095f       0xea CMakeFiles/TTS_Lib.elf.dir/Core/Src/gpio.c.obj
                                0x2b3 (size before relaxing)
 .debug_str     0x00000a49      0x1c7 CMakeFiles/TTS_Lib.elf.dir/Core/Src/main.c.obj
                                0x403 (size before relaxing)
 .debug_str     0x00000c10       0x6c CMakeFiles/TTS_Lib.elf.dir/Core/Src/stm32f1xx_hal_msp.c.obj
                                0x255 (size before relaxing)
 .debug_str     0x00000c7c       0xe6 CMakeFiles/TTS_Lib.elf.dir/Core/Src/stm32f1xx_it.c.obj
                                0x26b (size before relaxing)
 .debug_str     0x00000d62       0x99 CMakeFiles/TTS_Lib.elf.dir/Core/Src/sysmem.c.obj
                                0x24e (size before relaxing)
 .debug_str     0x00000dfb       0x8a CMakeFiles/TTS_Lib.elf.dir/Core/Src/system_stm32f1xx.c.obj
                                0x28a (size before relaxing)
 .debug_str     0x00000e85       0x52 CMakeFiles/TTS_Lib.elf.dir/Core/Startup/startup_stm32f103zetx.s.obj
                                 0x83 (size before relaxing)
 .debug_str     0x00000ed7      0x318 CMakeFiles/TTS_Lib.elf.dir/Drivers/STM32F1xx_HAL_Driver/Src/stm32f1xx_hal.c.obj
                                0x93e (size before relaxing)
 .debug_str     0x000011ef      0x2ef CMakeFiles/TTS_Lib.elf.dir/Drivers/STM32F1xx_HAL_Driver/Src/stm32f1xx_hal_cortex.c.obj
                                0x9ed (size before relaxing)
 .debug_str     0x000014de      0x133 CMakeFiles/TTS_Lib.elf.dir/Drivers/STM32F1xx_HAL_Driver/Src/stm32f1xx_hal_gpio.c.obj
                                0x436 (size before relaxing)
 .debug_str     0x00001611      0x210 CMakeFiles/TTS_Lib.elf.dir/Drivers/STM32F1xx_HAL_Driver/Src/stm32f1xx_hal_rcc.c.obj
                                0x661 (size before relaxing)
 .debug_str     0x00001821      0x268 D:/Project/20230709TTS/TTS_Lib/Core/Bsp/Frame/TTS/TTS_Core.a(system.o)
                                0x3f9 (size before relaxing)
 .debug_str     0x00001a89       0x57 D:/Project/20230709TTS/TTS_Lib/Core/Bsp/Frame/TTS_Ex/TTS_Ex_Pin.a(tts_pin_out.o)
                                0x18f (size before relaxing)

.comment        0x00000000       0x49
 .comment       0x00000000       0x49 CMakeFiles/TTS_Lib.elf.dir/Core/App/User.c.obj
                                 0x4a (size before relaxing)
 .comment       0x00000049       0x4a CMakeFiles/TTS_Lib.elf.dir/Core/Bsp/Frame/TTS/CPU.c.obj
 .comment       0x00000049       0x4a CMakeFiles/TTS_Lib.elf.dir/Core/Bsp/Show_Class/bsp_pin.c.obj
 .comment       0x00000049       0x4a CMakeFiles/TTS_Lib.elf.dir/Core/Src/gpio.c.obj
 .comment       0x00000049       0x4a CMakeFiles/TTS_Lib.elf.dir/Core/Src/main.c.obj
 .comment       0x00000049       0x4a CMakeFiles/TTS_Lib.elf.dir/Core/Src/stm32f1xx_hal_msp.c.obj
 .comment       0x00000049       0x4a CMakeFiles/TTS_Lib.elf.dir/Core/Src/stm32f1xx_it.c.obj
 .comment       0x00000049       0x4a CMakeFiles/TTS_Lib.elf.dir/Core/Src/sysmem.c.obj
 .comment       0x00000049       0x4a CMakeFiles/TTS_Lib.elf.dir/Core/Src/system_stm32f1xx.c.obj
 .comment       0x00000049       0x4a CMakeFiles/TTS_Lib.elf.dir/Drivers/STM32F1xx_HAL_Driver/Src/stm32f1xx_hal.c.obj
 .comment       0x00000049       0x4a CMakeFiles/TTS_Lib.elf.dir/Drivers/STM32F1xx_HAL_Driver/Src/stm32f1xx_hal_cortex.c.obj
 .comment       0x00000049       0x4a CMakeFiles/TTS_Lib.elf.dir/Drivers/STM32F1xx_HAL_Driver/Src/stm32f1xx_hal_gpio.c.obj
 .comment       0x00000049       0x4a CMakeFiles/TTS_Lib.elf.dir/Drivers/STM32F1xx_HAL_Driver/Src/stm32f1xx_hal_rcc.c.obj
 .comment       0x00000049       0x4a D:/Project/20230709TTS/TTS_Lib/Core/Bsp/Frame/TTS/TTS_Core.a(system.o)
 .comment       0x00000049       0x4a D:/Project/20230709TTS/TTS_Lib/Core/Bsp/Frame/TTS_Ex/TTS_Ex_Pin.a(tts_pin_out.o)

.debug_frame    0x00000000      0xdfc
 .debug_frame   0x00000000       0x50 CMakeFiles/TTS_Lib.elf.dir/Core/App/User.c.obj
 .debug_frame   0x00000050       0x98 CMakeFiles/TTS_Lib.elf.dir/Core/Bsp/Frame/TTS/CPU.c.obj
 .debug_frame   0x000000e8       0x48 CMakeFiles/TTS_Lib.elf.dir/Core/Bsp/Show_Class/bsp_pin.c.obj
 .debug_frame   0x00000130       0x38 CMakeFiles/TTS_Lib.elf.dir/Core/Src/gpio.c.obj
 .debug_frame   0x00000168       0x58 CMakeFiles/TTS_Lib.elf.dir/Core/Src/main.c.obj
 .debug_frame   0x000001c0       0x28 CMakeFiles/TTS_Lib.elf.dir/Core/Src/stm32f1xx_hal_msp.c.obj
 .debug_frame   0x000001e8       0xa8 CMakeFiles/TTS_Lib.elf.dir/Core/Src/stm32f1xx_it.c.obj
 .debug_frame   0x00000290       0x28 CMakeFiles/TTS_Lib.elf.dir/Core/Src/sysmem.c.obj
 .debug_frame   0x000002b8       0x30 CMakeFiles/TTS_Lib.elf.dir/Core/Src/system_stm32f1xx.c.obj
 .debug_frame   0x000002e8      0x1cc CMakeFiles/TTS_Lib.elf.dir/Drivers/STM32F1xx_HAL_Driver/Src/stm32f1xx_hal.c.obj
 .debug_frame   0x000004b4      0x118 CMakeFiles/TTS_Lib.elf.dir/Drivers/STM32F1xx_HAL_Driver/Src/stm32f1xx_hal_cortex.c.obj
 .debug_frame   0x000005cc       0xe4 CMakeFiles/TTS_Lib.elf.dir/Drivers/STM32F1xx_HAL_Driver/Src/stm32f1xx_hal_gpio.c.obj
 .debug_frame   0x000006b0      0x184 CMakeFiles/TTS_Lib.elf.dir/Drivers/STM32F1xx_HAL_Driver/Src/stm32f1xx_hal_rcc.c.obj
 .debug_frame   0x00000834      0x198 D:/Project/20230709TTS/TTS_Lib/Core/Bsp/Frame/TTS/TTS_Core.a(system.o)
 .debug_frame   0x000009cc       0x5c D:/Project/20230709TTS/TTS_Lib/Core/Bsp/Frame/TTS_Ex/TTS_Ex_Pin.a(tts_pin_out.o)
 .debug_frame   0x00000a28       0x20 c:/progra~2/gnuarm~1/102021~1.10/bin/../lib/gcc/arm-none-eabi/10.3.1/../../../../arm-none-eabi/lib/thumb/v7-m/nofp\libg.a(lib_a-errno.o)
 .debug_frame   0x00000a48       0x2c c:/progra~2/gnuarm~1/102021~1.10/bin/../lib/gcc/arm-none-eabi/10.3.1/../../../../arm-none-eabi/lib/thumb/v7-m/nofp\libg.a(lib_a-init.o)
 .debug_frame   0x00000a74       0x30 c:/progra~2/gnuarm~1/102021~1.10/bin/../lib/gcc/arm-none-eabi/10.3.1/../../../../arm-none-eabi/lib/thumb/v7-m/nofp\libg.a(lib_a-malloc.o)
 .debug_frame   0x00000aa4       0x4c c:/progra~2/gnuarm~1/102021~1.10/bin/../lib/gcc/arm-none-eabi/10.3.1/../../../../arm-none-eabi/lib/thumb/v7-m/nofp\libg.a(lib_a-mallocr.o)
 .debug_frame   0x00000af0       0x2c c:/progra~2/gnuarm~1/102021~1.10/bin/../lib/gcc/arm-none-eabi/10.3.1/../../../../arm-none-eabi/lib/thumb/v7-m/nofp\libg.a(lib_a-memset.o)
 .debug_frame   0x00000b1c       0x30 c:/progra~2/gnuarm~1/102021~1.10/bin/../lib/gcc/arm-none-eabi/10.3.1/../../../../arm-none-eabi/lib/thumb/v7-m/nofp\libg.a(lib_a-mlock.o)
 .debug_frame   0x00000b4c       0x2c c:/progra~2/gnuarm~1/102021~1.10/bin/../lib/gcc/arm-none-eabi/10.3.1/../../../../arm-none-eabi/lib/thumb/v7-m/nofp\libg.a(lib_a-sbrkr.o)
 .debug_frame   0x00000b78       0x5c c:/progra~2/gnuarm~1/102021~1.10/bin/../lib/gcc/arm-none-eabi/10.3.1/../../../../arm-none-eabi/lib/thumb/v7-m/nofp\libg.a(lib_a-__call_atexit.o)
 .debug_frame   0x00000bd4       0x20 c:/progra~2/gnuarm~1/102021~1.10/bin/../lib/gcc/arm-none-eabi/10.3.1/../../../../arm-none-eabi/lib/thumb/v7-m/nofp\libg.a(lib_a-atexit.o)
 .debug_frame   0x00000bf4       0x34 c:/progra~2/gnuarm~1/102021~1.10/bin/../lib/gcc/arm-none-eabi/10.3.1/../../../../arm-none-eabi/lib/thumb/v7-m/nofp\libg.a(lib_a-fini.o)
 .debug_frame   0x00000c28       0x8c c:/progra~2/gnuarm~1/102021~1.10/bin/../lib/gcc/arm-none-eabi/10.3.1/../../../../arm-none-eabi/lib/thumb/v7-m/nofp\libg.a(lib_a-freer.o)
 .debug_frame   0x00000cb4       0xb0 c:/progra~2/gnuarm~1/102021~1.10/bin/../lib/gcc/arm-none-eabi/10.3.1/../../../../arm-none-eabi/lib/thumb/v7-m/nofp\libg.a(lib_a-lock.o)
 .debug_frame   0x00000d64       0x64 c:/progra~2/gnuarm~1/102021~1.10/bin/../lib/gcc/arm-none-eabi/10.3.1/../../../../arm-none-eabi/lib/thumb/v7-m/nofp\libg.a(lib_a-reent.o)
 .debug_frame   0x00000dc8       0x34 c:/progra~2/gnuarm~1/102021~1.10/bin/../lib/gcc/arm-none-eabi/10.3.1/../../../../arm-none-eabi/lib/thumb/v7-m/nofp\libg.a(lib_a-__atexit.o)

.debug_loc      0x00000000     0x1cd7
 .debug_loc     0x00000000      0x2e4 CMakeFiles/TTS_Lib.elf.dir/Core/Bsp/Frame/TTS/CPU.c.obj
 .debug_loc     0x000002e4       0x5f CMakeFiles/TTS_Lib.elf.dir/Core/Bsp/Show_Class/bsp_pin.c.obj
 .debug_loc     0x00000343       0x15 CMakeFiles/TTS_Lib.elf.dir/Core/Src/stm32f1xx_hal_msp.c.obj
 .debug_loc     0x00000358       0x64 CMakeFiles/TTS_Lib.elf.dir/Core/Src/sysmem.c.obj
 .debug_loc     0x000003bc       0xff CMakeFiles/TTS_Lib.elf.dir/Core/Src/system_stm32f1xx.c.obj
 .debug_loc     0x000004bb      0x141 CMakeFiles/TTS_Lib.elf.dir/Drivers/STM32F1xx_HAL_Driver/Src/stm32f1xx_hal.c.obj
 .debug_loc     0x000005fc      0x71f CMakeFiles/TTS_Lib.elf.dir/Drivers/STM32F1xx_HAL_Driver/Src/stm32f1xx_hal_cortex.c.obj
 .debug_loc     0x00000d1b      0x47d CMakeFiles/TTS_Lib.elf.dir/Drivers/STM32F1xx_HAL_Driver/Src/stm32f1xx_hal_gpio.c.obj
 .debug_loc     0x00001198      0x618 CMakeFiles/TTS_Lib.elf.dir/Drivers/STM32F1xx_HAL_Driver/Src/stm32f1xx_hal_rcc.c.obj
 .debug_loc     0x000017b0      0x43c D:/Project/20230709TTS/TTS_Lib/Core/Bsp/Frame/TTS/TTS_Core.a(system.o)
 .debug_loc     0x00001bec       0xeb D:/Project/20230709TTS/TTS_Lib/Core/Bsp/Frame/TTS_Ex/TTS_Ex_Pin.a(tts_pin_out.o)
